Archive member included to satisfy reference by file (symbol)

c:/st/stm32cubeide_1.3.0/stm32cubeide/plugins/com.st.stm32cube.ide.mcu.externaltools.gnu-tools-for-stm32.9-2020-q2-update.win32_2.0.0.202105311346/tools/bin/../lib/gcc/arm-none-eabi/9.3.1/../../../../arm-none-eabi/lib/thumb/v6-m/nofp\libc_nano.a(lib_a-errno.o)
                              ./Core/Src/syscalls.o (__errno)
c:/st/stm32cubeide_1.3.0/stm32cubeide/plugins/com.st.stm32cube.ide.mcu.externaltools.gnu-tools-for-stm32.9-2020-q2-update.win32_2.0.0.202105311346/tools/bin/../lib/gcc/arm-none-eabi/9.3.1/../../../../arm-none-eabi/lib/thumb/v6-m/nofp\libc_nano.a(lib_a-exit.o)
                              c:/st/stm32cubeide_1.3.0/stm32cubeide/plugins/com.st.stm32cube.ide.mcu.externaltools.gnu-tools-for-stm32.9-2020-q2-update.win32_2.0.0.202105311346/tools/bin/../lib/gcc/arm-none-eabi/9.3.1/../../../../arm-none-eabi/lib/thumb/v6-m/nofp/crt0.o (exit)
c:/st/stm32cubeide_1.3.0/stm32cubeide/plugins/com.st.stm32cube.ide.mcu.externaltools.gnu-tools-for-stm32.9-2020-q2-update.win32_2.0.0.202105311346/tools/bin/../lib/gcc/arm-none-eabi/9.3.1/../../../../arm-none-eabi/lib/thumb/v6-m/nofp\libc_nano.a(lib_a-impure.o)
                              c:/st/stm32cubeide_1.3.0/stm32cubeide/plugins/com.st.stm32cube.ide.mcu.externaltools.gnu-tools-for-stm32.9-2020-q2-update.win32_2.0.0.202105311346/tools/bin/../lib/gcc/arm-none-eabi/9.3.1/../../../../arm-none-eabi/lib/thumb/v6-m/nofp\libc_nano.a(lib_a-exit.o) (_global_impure_ptr)
c:/st/stm32cubeide_1.3.0/stm32cubeide/plugins/com.st.stm32cube.ide.mcu.externaltools.gnu-tools-for-stm32.9-2020-q2-update.win32_2.0.0.202105311346/tools/bin/../lib/gcc/arm-none-eabi/9.3.1/../../../../arm-none-eabi/lib/thumb/v6-m/nofp\libc_nano.a(lib_a-init.o)
                              c:/st/stm32cubeide_1.3.0/stm32cubeide/plugins/com.st.stm32cube.ide.mcu.externaltools.gnu-tools-for-stm32.9-2020-q2-update.win32_2.0.0.202105311346/tools/bin/../lib/gcc/arm-none-eabi/9.3.1/../../../../arm-none-eabi/lib/thumb/v6-m/nofp/crt0.o (__libc_init_array)
c:/st/stm32cubeide_1.3.0/stm32cubeide/plugins/com.st.stm32cube.ide.mcu.externaltools.gnu-tools-for-stm32.9-2020-q2-update.win32_2.0.0.202105311346/tools/bin/../lib/gcc/arm-none-eabi/9.3.1/../../../../arm-none-eabi/lib/thumb/v6-m/nofp\libc_nano.a(lib_a-memcpy-stub.o)
                              ./Core/Src/interface.o (memcpy)
c:/st/stm32cubeide_1.3.0/stm32cubeide/plugins/com.st.stm32cube.ide.mcu.externaltools.gnu-tools-for-stm32.9-2020-q2-update.win32_2.0.0.202105311346/tools/bin/../lib/gcc/arm-none-eabi/9.3.1/../../../../arm-none-eabi/lib/thumb/v6-m/nofp\libc_nano.a(lib_a-memset.o)
                              c:/st/stm32cubeide_1.3.0/stm32cubeide/plugins/com.st.stm32cube.ide.mcu.externaltools.gnu-tools-for-stm32.9-2020-q2-update.win32_2.0.0.202105311346/tools/bin/../lib/gcc/arm-none-eabi/9.3.1/../../../../arm-none-eabi/lib/thumb/v6-m/nofp/crt0.o (memset)
c:/st/stm32cubeide_1.3.0/stm32cubeide/plugins/com.st.stm32cube.ide.mcu.externaltools.gnu-tools-for-stm32.9-2020-q2-update.win32_2.0.0.202105311346/tools/bin/../lib/gcc/arm-none-eabi/9.3.1/../../../../arm-none-eabi/lib/thumb/v6-m/nofp\libc_nano.a(lib_a-snprintf.o)
                              ./Core/Src/main.o (snprintf)
c:/st/stm32cubeide_1.3.0/stm32cubeide/plugins/com.st.stm32cube.ide.mcu.externaltools.gnu-tools-for-stm32.9-2020-q2-update.win32_2.0.0.202105311346/tools/bin/../lib/gcc/arm-none-eabi/9.3.1/../../../../arm-none-eabi/lib/thumb/v6-m/nofp\libc_nano.a(lib_a-sprintf.o)
                              ./Core/Src/interface.o (sprintf)
c:/st/stm32cubeide_1.3.0/stm32cubeide/plugins/com.st.stm32cube.ide.mcu.externaltools.gnu-tools-for-stm32.9-2020-q2-update.win32_2.0.0.202105311346/tools/bin/../lib/gcc/arm-none-eabi/9.3.1/../../../../arm-none-eabi/lib/thumb/v6-m/nofp\libc_nano.a(lib_a-strlen.o)
                              ./Core/Src/interface.o (strlen)
c:/st/stm32cubeide_1.3.0/stm32cubeide/plugins/com.st.stm32cube.ide.mcu.externaltools.gnu-tools-for-stm32.9-2020-q2-update.win32_2.0.0.202105311346/tools/bin/../lib/gcc/arm-none-eabi/9.3.1/../../../../arm-none-eabi/lib/thumb/v6-m/nofp\libc_nano.a(lib_a-strncpy.o)
                              ./Core/Src/lowlevel.o (strncpy)
c:/st/stm32cubeide_1.3.0/stm32cubeide/plugins/com.st.stm32cube.ide.mcu.externaltools.gnu-tools-for-stm32.9-2020-q2-update.win32_2.0.0.202105311346/tools/bin/../lib/gcc/arm-none-eabi/9.3.1/../../../../arm-none-eabi/lib/thumb/v6-m/nofp\libc_nano.a(lib_a-nano-svfprintf.o)
                              c:/st/stm32cubeide_1.3.0/stm32cubeide/plugins/com.st.stm32cube.ide.mcu.externaltools.gnu-tools-for-stm32.9-2020-q2-update.win32_2.0.0.202105311346/tools/bin/../lib/gcc/arm-none-eabi/9.3.1/../../../../arm-none-eabi/lib/thumb/v6-m/nofp\libc_nano.a(lib_a-snprintf.o) (_svfprintf_r)
[...]
Memory Configuration

Name             Origin             Length             Attributes
RAM              0x0000000020000000 0x0000000000002000 xrw
FLASH            0x0000000008000000 0x0000000000008000 xr
*default*        0x0000000000000000 0xffffffffffffffff

Linker script and memory map

LOAD c:/st/stm32cubeide_1.3.0/stm32cubeide/plugins/com.st.stm32cube.ide.mcu.externaltools.gnu-tools-for-stm32.9-2020-q2-update.win32_2.0.0.202105311346/tools/bin/../lib/gcc/arm-none-eabi/9.3.1/thumb/v6-m/nofp/crti.o
LOAD c:/st/stm32cubeide_1.3.0/stm32cubeide/plugins/com.st.stm32cube.ide.mcu.externaltools.gnu-tools-for-stm32.9-2020-q2-update.win32_2.0.0.202105311346/tools/bin/../lib/gcc/arm-none-eabi/9.3.1/thumb/v6-m/nofp/crtbegin.o
LOAD c:/st/stm32cubeide_1.3.0/stm32cubeide/plugins/com.st.stm32cube.ide.mcu.externaltools.gnu-tools-for-stm32.9-2020-q2-update.win32_2.0.0.202105311346/tools/bin/../lib/gcc/arm-none-eabi/9.3.1/../../../../arm-none-eabi/lib/thumb/v6-m/nofp/crt0.o
LOAD ./Core/Src/Timer.o
LOAD ./Core/Src/interface.o
LOAD ./Core/Src/jump_bootloader.o
LOAD ./Core/Src/lowlevel.o
LOAD ./Core/Src/main.o
LOAD ./Core/Src/stm32g0xx_hal_msp.o
LOAD ./Core/Src/stm32g0xx_it.o
LOAD ./Core/Src/syscalls.o
LOAD ./Core/Src/sysmem.o
LOAD ./Core/Src/system_stm32g0xx.o
LOAD ./Core/Startup/startup_stm32g030f6px.o
LOAD ./Drivers/STM32G0xx_HAL_Driver/Src/stm32g0xx_hal.o
LOAD ./Drivers/STM32G0xx_HAL_Driver/Src/stm32g0xx_hal_adc.o
LOAD ./Drivers/STM32G0xx_HAL_Driver/Src/stm32g0xx_hal_adc_ex.o
LOAD ./Drivers/STM32G0xx_HAL_Driver/Src/stm32g0xx_hal_cortex.o
LOAD ./Drivers/STM32G0xx_HAL_Driver/Src/stm32g0xx_hal_dma.o
LOAD ./Drivers/STM32G0xx_HAL_Driver/Src/stm32g0xx_hal_dma_ex.o
LOAD ./Drivers/STM32G0xx_HAL_Driver/Src/stm32g0xx_hal_exti.o
LOAD ./Drivers/STM32G0xx_HAL_Driver/Src/stm32g0xx_hal_flash.o
LOAD ./Drivers/STM32G0xx_HAL_Driver/Src/stm32g0xx_hal_flash_ex.o
LOAD ./Drivers/STM32G0xx_HAL_Driver/Src/stm32g0xx_hal_gpio.o
LOAD ./Drivers/STM32G0xx_HAL_Driver/Src/stm32g0xx_hal_pwr.o
LOAD ./Drivers/STM32G0xx_HAL_Driver/Src/stm32g0xx_hal_pwr_ex.o
LOAD ./Drivers/STM32G0xx_HAL_Driver/Src/stm32g0xx_hal_rcc.o
LOAD ./Drivers/STM32G0xx_HAL_Driver/Src/stm32g0xx_hal_rcc_ex.o
LOAD ./Drivers/STM32G0xx_HAL_Driver/Src/stm32g0xx_hal_tim.o
LOAD ./Drivers/STM32G0xx_HAL_Driver/Src/stm32g0xx_hal_tim_ex.o
LOAD ./Drivers/STM32G0xx_HAL_Driver/Src/stm32g0xx_ll_adc.o
LOAD ./Drivers/STM32G0xx_HAL_Driver/Src/stm32g0xx_ll_dma.o
LOAD ./Drivers/STM32G0xx_HAL_Driver/Src/stm32g0xx_ll_exti.o
LOAD ./Drivers/STM32G0xx_HAL_Driver/Src/stm32g0xx_ll_gpio.o
LOAD ./Drivers/STM32G0xx_HAL_Driver/Src/stm32g0xx_ll_rcc.o
LOAD ./Drivers/STM32G0xx_HAL_Driver/Src/stm32g0xx_ll_usart.o
LOAD ./Drivers/STM32G0xx_HAL_Driver/Src/stm32g0xx_ll_utils.o
START GROUP
LOAD c:/st/stm32cubeide_1.3.0/stm32cubeide/plugins/com.st.stm32cube.ide.mcu.externaltools.gnu-tools-for-stm32.9-2020-q2-update.win32_2.0.0.202105311346/tools/bin/../lib/gcc/arm-none-eabi/9.3.1/../../../../arm-none-eabi/lib/thumb/v6-m/nofp\libc_nano.a
LOAD c:/st/stm32cubeide_1.3.0/stm32cubeide/plugins/com.st.stm32cube.ide.mcu.externaltools.gnu-tools-for-stm32.9-2020-q2-update.win32_2.0.0.202105311346/tools/bin/../lib/gcc/arm-none-eabi/9.3.1/../../../../arm-none-eabi/lib/thumb/v6-m/nofp\libm.a
END GROUP
START GROUP
LOAD c:/st/stm32cubeide_1.3.0/stm32cubeide/plugins/com.st.stm32cube.ide.mcu.externaltools.gnu-tools-for-stm32.9-2020-q2-update.win32_2.0.0.202105311346/tools/bin/../lib/gcc/arm-none-eabi/9.3.1/thumb/v6-m/nofp\libgcc.a
LOAD c:/st/stm32cubeide_1.3.0/stm32cubeide/plugins/com.st.stm32cube.ide.mcu.externaltools.gnu-tools-for-stm32.9-2020-q2-update.win32_2.0.0.202105311346/tools/bin/../lib/gcc/arm-none-eabi/9.3.1/../../../../arm-none-eabi/lib/thumb/v6-m/nofp\libc_nano.a
END GROUP
START GROUP
LOAD c:/st/stm32cubeide_1.3.0/stm32cubeide/plugins/com.st.stm32cube.ide.mcu.externaltools.gnu-tools-for-stm32.9-2020-q2-update.win32_2.0.0.202105311346/tools/bin/../lib/gcc/arm-none-eabi/9.3.1/thumb/v6-m/nofp\libgcc.a
LOAD c:/st/stm32cubeide_1.3.0/stm32cubeide/plugins/com.st.stm32cube.ide.mcu.externaltools.gnu-tools-for-stm32.9-2020-q2-update.win32_2.0.0.202105311346/tools/bin/../lib/gcc/arm-none-eabi/9.3.1/../../../../arm-none-eabi/lib/thumb/v6-m/nofp\libc_nano.a
LOAD c:/st/stm32cubeide_1.3.0/stm32cubeide/plugins/com.st.stm32cube.ide.mcu.externaltools.gnu-tools-for-stm32.9-2020-q2-update.win32_2.0.0.202105311346/tools/bin/../lib/gcc/arm-none-eabi/9.3.1/../../../../arm-none-eabi/lib/thumb/v6-m/nofp\libnosys.a
END GROUP
START GROUP
LOAD c:/st/stm32cubeide_1.3.0/stm32cubeide/plugins/com.st.stm32cube.ide.mcu.externaltools.gnu-tools-for-stm32.9-2020-q2-update.win32_2.0.0.202105311346/tools/bin/../lib/gcc/arm-none-eabi/9.3.1/thumb/v6-m/nofp\libgcc.a
LOAD c:/st/stm32cubeide_1.3.0/stm32cubeide/plugins/com.st.stm32cube.ide.mcu.externaltools.gnu-tools-for-stm32.9-2020-q2-update.win32_2.0.0.202105311346/tools/bin/../lib/gcc/arm-none-eabi/9.3.1/../../../../arm-none-eabi/lib/thumb/v6-m/nofp\libc_nano.a
LOAD c:/st/stm32cubeide_1.3.0/stm32cubeide/plugins/com.st.stm32cube.ide.mcu.externaltools.gnu-tools-for-stm32.9-2020-q2-update.win32_2.0.0.202105311346/tools/bin/../lib/gcc/arm-none-eabi/9.3.1/../../../../arm-none-eabi/lib/thumb/v6-m/nofp\libnosys.a
END GROUP
LOAD c:/st/stm32cubeide_1.3.0/stm32cubeide/plugins/com.st.stm32cube.ide.mcu.externaltools.gnu-tools-for-stm32.9-2020-q2-update.win32_2.0.0.202105311346/tools/bin/../lib/gcc/arm-none-eabi/9.3.1/thumb/v6-m/nofp/crtend.o
LOAD c:/st/stm32cubeide_1.3.0/stm32cubeide/plugins/com.st.stm32cube.ide.mcu.externaltools.gnu-tools-for-stm32.9-2020-q2-update.win32_2.0.0.202105311346/tools/bin/../lib/gcc/arm-none-eabi/9.3.1/thumb/v6-m/nofp/crtn.o
                0x0000000020002000                _estack = (ORIGIN (RAM) + LENGTH (RAM))
                0x0000000000000200                _Min_Heap_Size = 0x200
                0x0000000000000400                _Min_Stack_Size = 0x400

.isr_vector     0x0000000008000000       0xb8
                0x0000000008000000                . = ALIGN (0x4)
 *(.isr_vector)
 .isr_vector    0x0000000008000000       0xb8 ./Core/Startup/startup_stm32g030f6px.o
                0x0000000008000000                g_pfnVectors
                0x00000000080000b8                . = ALIGN (0x4)

.text           0x00000000080000b8     0x433c
                0x00000000080000b8                . = ALIGN (0x4)
 *(.text)
 .text          0x00000000080000b8       0x48 c:/st/stm32cubeide_1.3.0/stm32cubeide/plugins/com.st.stm32cube.ide.mcu.externaltools.gnu-tools-for-stm32.9-2020-q2-update.win32_2.0.0.202105311346/tools/bin/../lib/gcc/arm-none-eabi/9.3.1/thumb/v6-m/nofp/crtbegin.o
 .text          0x0000000008000100        0xe c:/st/stm32cubeide_1.3.0/stm32cubeide/plugins/com.st.stm32cube.ide.mcu.externaltools.gnu-tools-for-stm32.9-2020-q2-update.win32_2.0.0.202105311346/tools/bin/../lib/gcc/arm-none-eabi/9.3.1/../../../../arm-none-eabi/lib/thumb/v6-m/nofp\libc_nano.a(lib_a-strlen.o)
                0x0000000008000100                strlen
 *fill*         0x000000000800010e        0x2 
 .text          0x0000000008000110       0x14 c:/st/stm32cubeide_1.3.0/stm32cubeide/plugins/com.st.stm32cube.ide.mcu.externaltools.gnu-tools-for-stm32.9-2020-q2-update.win32_2.0.0.202105311346/tools/bin/../lib/gcc/arm-none-eabi/9.3.1/thumb/v6-m/nofp\libgcc.a(_thumb1_case_shi.o)
                0x0000000008000110                __gnu_thumb1_case_shi
 .text          0x0000000008000124      0x114 c:/st/stm32cubeide_1.3.0/stm32cubeide/plugins/com.st.stm32cube.ide.mcu.externaltools.gnu-tools-for-stm32.9-2020-q2-update.win32_2.0.0.202105311346/tools/bin/../lib/gcc/arm-none-eabi/9.3.1/thumb/v6-m/nofp\libgcc.a(_udivsi3.o)
                0x0000000008000124                __aeabi_uidiv
                0x0000000008000124                __udivsi3
                0x0000000008000230                __aeabi_uidivmod
 .text          0x0000000008000238      0x1d4 c:/st/stm32cubeide_1.3.0/stm32cubeide/plugins/com.st.stm32cube.ide.mcu.externaltools.gnu-tools-for-stm32.9-2020-q2-update.win32_2.0.0.202105311346/tools/bin/../lib/gcc/arm-none-eabi/9.3.1/thumb/v6-m/nofp\libgcc.a(_divsi3.o)
                0x0000000008000238                __divsi3
                0x0000000008000238                __aeabi_idiv
                0x0000000008000404                __aeabi_idivmod
 .text          0x000000000800040c        0x4 c:/st/stm32cubeide_1.3.0/stm32cubeide/plugins/com.st.stm32cube.ide.mcu.externaltools.gnu-tools-for-stm32.9-2020-q2-update.win32_2.0.0.202105311346/tools/bin/../lib/gcc/arm-none-eabi/9.3.1/thumb/v6-m/nofp\libgcc.a(_dvmd_tls.o)
                0x000000000800040c                __aeabi_idiv0
                0x000000000800040c                __aeabi_ldiv0
 *(.text*)
 .text.ecSWTimerInit
                0x0000000008000410       0x1c ./Core/Src/Timer.o
                0x0000000008000410                ecSWTimerInit
 .text.ecSWTimerStart
                0x000000000800042c       0x1c ./Core/Src/Timer.o
                0x000000000800042c                ecSWTimerStart
 .text.ecSWTimerRead
                0x0000000008000448       0x24 ./Core/Src/Timer.o
                0x0000000008000448                ecSWTimerRead
 .text.ecSWTimerClk
                0x000000000800046c       0x28 ./Core/Src/Timer.o
                0x000000000800046c                ecSWTimerClk
 .text.ecLEDinit
                0x0000000008000494       0x2c ./Core/Src/Timer.o
                0x0000000008000494                ecLEDinit
 .text.ecSetLED
                0x00000000080004c0       0x88 ./Core/Src/Timer.o
                0x00000000080004c0                ecSetLED
 .text.ecBlinkHandler
                0x0000000008000548       0x58 ./Core/Src/Timer.o
                0x0000000008000548                ecBlinkHandler
 .text.ecGetCPUTemp
                0x00000000080005a0       0x28 ./Core/Src/interface.o
                0x00000000080005a0                ecGetCPUTemp
 .text.ecPortHandleFeedback
                0x00000000080005c8      0x240 ./Core/Src/interface.o
                0x00000000080005c8                ecPortHandleFeedback
 .text.ecPortExecCommand
                0x0000000008000808      0x184 ./Core/Src/interface.o
                0x0000000008000808                ecPortExecCommand
 .text.ecDecodePiAnswer
                0x000000000800098c       0x2a ./Core/Src/interface.o
                0x000000000800098c                ecDecodePiAnswer
 .text.ecDecodePiRequest
                0x00000000080009b6       0x2a ./Core/Src/interface.o
                0x00000000080009b6                ecDecodePiRequest
 .text.ecSerialExecCommand
                0x00000000080009e0       0xa8 ./Core/Src/interface.o
                0x00000000080009e0                ecSerialExecCommand
 .text.ecSerialHandleFeedback
                0x0000000008000a88      0x2dc ./Core/Src/interface.o
                0x0000000008000a88                ecSerialHandleFeedback
 .text.ecAnalogHandler
                0x0000000008000d64       0xc4 ./Core/Src/interface.o
                0x0000000008000d64                ecAnalogHandler
 .text.JumpToBootloader
                0x0000000008000e28       0x34 ./Core/Src/jump_bootloader.o
                0x0000000008000e28                JumpToBootloader
 .text.ecRx_Init
                0x0000000008000e5c       0x44 ./Core/Src/lowlevel.o
                0x0000000008000e5c                ecRx_Init
 .text.ecTxString
                0x0000000008000ea0       0x3c ./Core/Src/lowlevel.o
                0x0000000008000ea0                ecTxString
 .text.ecGetRxString
                0x0000000008000edc       0x3c ./Core/Src/lowlevel.o
                0x0000000008000edc                ecGetRxString
 .text.ecUSART_Rx_Callback
                0x0000000008000f18       0x88 ./Core/Src/lowlevel.o
                0x0000000008000f18                ecUSART_Rx_Callback
 .text.ecUSART_Rx_Error_Callback
                0x0000000008000fa0       0x80 ./Core/Src/lowlevel.o
                0x0000000008000fa0                ecUSART_Rx_Error_Callback
 .text.MX_GPIO_Init
                0x0000000008001020      0x11c ./Core/Src/main.o
 .text.MX_DMA_Init
                0x000000000800113c       0x30 ./Core/Src/main.o
 .text.MX_ADC1_Init
                0x000000000800116c       0xac ./Core/Src/main.o
 .text.MX_TIM3_Init
                0x0000000008001218       0x5c ./Core/Src/main.o
 .text.MX_USART2_UART_Init
                0x0000000008001274       0xe0 ./Core/Src/main.o
 .text.ecFormatFixptStr
                0x0000000008001354       0x38 ./Core/Src/main.o
                0x0000000008001354                ecFormatFixptStr
 .text.SystemClock_Config
                0x000000000800138c       0x66 ./Core/Src/main.o
                0x000000000800138c                SystemClock_Config
 *fill*         0x00000000080013f2        0x2 
 .text.HAL_ADC_ConvCpltCallback
                0x00000000080013f4       0x6c ./Core/Src/main.o
                0x00000000080013f4                HAL_ADC_ConvCpltCallback
 .text.HAL_ADC_ConvHalfCpltCallback
                0x0000000008001460        0x2 ./Core/Src/main.o
                0x0000000008001460                HAL_ADC_ConvHalfCpltCallback
 *fill*         0x0000000008001462        0x2 
 .text.ecDecodeKey
                0x0000000008001464      0x104 ./Core/Src/main.o
                0x0000000008001464                ecDecodeKey
 .text.HAL_TIM_PeriodElapsedCallback
                0x0000000008001568       0x1c ./Core/Src/main.o
                0x0000000008001568                HAL_TIM_PeriodElapsedCallback
 .text.ecGetKey
                0x0000000008001584       0x4c ./Core/Src/main.o
                0x0000000008001584                ecGetKey
 .text.main     0x00000000080015d0      0x1fc ./Core/Src/main.o
                0x00000000080015d0                main
 .text.Error_Handler
                0x00000000080017cc        0x2 ./Core/Src/main.o
                0x00000000080017cc                Error_Handler
 *fill*         0x00000000080017ce        0x2 
 .text.HAL_MspInit
                0x00000000080017d0       0x30 ./Core/Src/stm32g0xx_hal_msp.o
                0x00000000080017d0                HAL_MspInit
 .text.HAL_ADC_MspInit
                0x0000000008001800       0xac ./Core/Src/stm32g0xx_hal_msp.o
                0x0000000008001800                HAL_ADC_MspInit
 .text.HAL_TIM_Base_MspInit
                0x00000000080018ac       0x3c ./Core/Src/stm32g0xx_hal_msp.o
                0x00000000080018ac                HAL_TIM_Base_MspInit
 .text.NMI_Handler
                0x00000000080018e8        0x2 ./Core/Src/stm32g0xx_it.o
                0x00000000080018e8                NMI_Handler
 .text.HardFault_Handler
                0x00000000080018ea        0x2 ./Core/Src/stm32g0xx_it.o
                0x00000000080018ea                HardFault_Handler
 .text.SVC_Handler
                0x00000000080018ec        0x2 ./Core/Src/stm32g0xx_it.o
                0x00000000080018ec                SVC_Handler
 .text.PendSV_Handler
                0x00000000080018ee        0x2 ./Core/Src/stm32g0xx_it.o
                0x00000000080018ee                PendSV_Handler
 .text.SysTick_Handler
                0x00000000080018f0        0x8 ./Core/Src/stm32g0xx_it.o
                0x00000000080018f0                SysTick_Handler
 .text.DMA1_Channel1_IRQHandler
                0x00000000080018f8       0x10 ./Core/Src/stm32g0xx_it.o
                0x00000000080018f8                DMA1_Channel1_IRQHandler
 .text.ADC1_IRQHandler
                0x0000000008001908       0x10 ./Core/Src/stm32g0xx_it.o
                0x0000000008001908                ADC1_IRQHandler
 .text.TIM3_IRQHandler
                0x0000000008001918       0x10 ./Core/Src/stm32g0xx_it.o
                0x0000000008001918                TIM3_IRQHandler
 .text.USART2_IRQHandler
                0x0000000008001928       0x24 ./Core/Src/stm32g0xx_it.o
                0x0000000008001928                USART2_IRQHandler
 .text._sbrk    0x000000000800194c       0x3c ./Core/Src/sysmem.o
                0x000000000800194c                _sbrk
 .text.SystemInit
                0x0000000008001988       0x10 ./Core/Src/system_stm32g0xx.o
                0x0000000008001988                SystemInit
 .text.Reset_Handler
                0x0000000008001998       0x50 ./Core/Startup/startup_stm32g030f6px.o
                0x0000000008001998                Reset_Handler
 .text.Default_Handler
                0x00000000080019e8        0x2 ./Core/Startup/startup_stm32g030f6px.o
                0x00000000080019e8                TIM1_CC_IRQHandler
                0x00000000080019e8                I2C1_IRQHandler
                0x00000000080019e8                RTC_TAMP_IRQHandler
                0x00000000080019e8                SPI1_IRQHandler
                0x00000000080019e8                DMA1_Ch4_5_DMAMUX1_OVR_IRQHandler
                0x00000000080019e8                EXTI2_3_IRQHandler
                0x00000000080019e8                I2C2_IRQHandler
                0x00000000080019e8                TIM17_IRQHandler
                0x00000000080019e8                TIM16_IRQHandler
                0x00000000080019e8                EXTI4_15_IRQHandler
                0x00000000080019e8                RCC_IRQHandler
                0x00000000080019e8                Default_Handler
                0x00000000080019e8                TIM14_IRQHandler
                0x00000000080019e8                EXTI0_1_IRQHandler
                0x00000000080019e8                SPI2_IRQHandler
                0x00000000080019e8                WWDG_IRQHandler
                0x00000000080019e8                DMA1_Channel2_3_IRQHandler
                0x00000000080019e8                FLASH_IRQHandler
                0x00000000080019e8                USART1_IRQHandler
                0x00000000080019e8                TIM1_BRK_UP_TRG_COM_IRQHandler
 *fill*         0x00000000080019ea        0x2 
 .text.HAL_InitTick
                0x00000000080019ec       0x58 ./Drivers/STM32G0xx_HAL_Driver/Src/stm32g0xx_hal.o
                0x00000000080019ec                HAL_InitTick
 .text.HAL_Init
                0x0000000008001a44       0x28 ./Drivers/STM32G0xx_HAL_Driver/Src/stm32g0xx_hal.o
                0x0000000008001a44                HAL_Init
 .text.HAL_IncTick
                0x0000000008001a6c       0x18 ./Drivers/STM32G0xx_HAL_Driver/Src/stm32g0xx_hal.o
                0x0000000008001a6c                HAL_IncTick
 .text.HAL_GetTick
                0x0000000008001a84        0xc ./Drivers/STM32G0xx_HAL_Driver/Src/stm32g0xx_hal.o
                0x0000000008001a84                HAL_GetTick
 .text.HAL_ADC_Init
                0x0000000008001a90      0x284 ./Drivers/STM32G0xx_HAL_Driver/Src/stm32g0xx_hal_adc.o
                0x0000000008001a90                HAL_ADC_Init
 .text.ADC_DMAHalfConvCplt
                0x0000000008001d14        0xa ./Drivers/STM32G0xx_HAL_Driver/Src/stm32g0xx_hal_adc.o
 .text.HAL_ADC_LevelOutOfWindowCallback
                0x0000000008001d1e        0x2 ./Drivers/STM32G0xx_HAL_Driver/Src/stm32g0xx_hal_adc.o
                0x0000000008001d1e                HAL_ADC_LevelOutOfWindowCallback
 .text.HAL_ADC_ErrorCallback
                0x0000000008001d20        0x2 ./Drivers/STM32G0xx_HAL_Driver/Src/stm32g0xx_hal_adc.o
                0x0000000008001d20                HAL_ADC_ErrorCallback
 .text.ADC_DMAError
                0x0000000008001d22       0x1a ./Drivers/STM32G0xx_HAL_Driver/Src/stm32g0xx_hal_adc.o
 .text.ADC_DMAConvCplt
                0x0000000008001d3c       0x80 ./Drivers/STM32G0xx_HAL_Driver/Src/stm32g0xx_hal_adc.o
 .text.HAL_ADC_IRQHandler
                0x0000000008001dbc      0x158 ./Drivers/STM32G0xx_HAL_Driver/Src/stm32g0xx_hal_adc.o
                0x0000000008001dbc                HAL_ADC_IRQHandler
 .text.HAL_ADC_ConfigChannel
                0x0000000008001f14      0x2a0 ./Drivers/STM32G0xx_HAL_Driver/Src/stm32g0xx_hal_adc.o
                0x0000000008001f14                HAL_ADC_ConfigChannel
 .text.ADC_Enable
                0x00000000080021b4       0xc8 ./Drivers/STM32G0xx_HAL_Driver/Src/stm32g0xx_hal_adc.o
                0x00000000080021b4                ADC_Enable
 .text.HAL_ADC_Start_DMA
                0x000000000800227c       0xbc ./Drivers/STM32G0xx_HAL_Driver/Src/stm32g0xx_hal_adc.o
                0x000000000800227c                HAL_ADC_Start_DMA
 .text.ADC_Disable
                0x0000000008002338       0x8c ./Drivers/STM32G0xx_HAL_Driver/Src/stm32g0xx_hal_adc.o
                0x0000000008002338                ADC_Disable
 .text.HAL_ADCEx_Calibration_Start
                0x00000000080023c4       0xa8 ./Drivers/STM32G0xx_HAL_Driver/Src/stm32g0xx_hal_adc_ex.o
                0x00000000080023c4                HAL_ADCEx_Calibration_Start
 .text.HAL_ADCEx_LevelOutOfWindow2Callback
                0x000000000800246c        0x2 ./Drivers/STM32G0xx_HAL_Driver/Src/stm32g0xx_hal_adc_ex.o
                0x000000000800246c                HAL_ADCEx_LevelOutOfWindow2Callback
 .text.HAL_ADCEx_LevelOutOfWindow3Callback
                0x000000000800246e        0x2 ./Drivers/STM32G0xx_HAL_Driver/Src/stm32g0xx_hal_adc_ex.o
                0x000000000800246e                HAL_ADCEx_LevelOutOfWindow3Callback
 .text.HAL_ADCEx_EndOfSamplingCallback
                0x0000000008002470        0x2 ./Drivers/STM32G0xx_HAL_Driver/Src/stm32g0xx_hal_adc_ex.o
                0x0000000008002470                HAL_ADCEx_EndOfSamplingCallback
 .text.HAL_ADCEx_ChannelConfigReadyCallback
                0x0000000008002472        0x2 ./Drivers/STM32G0xx_HAL_Driver/Src/stm32g0xx_hal_adc_ex.o
                0x0000000008002472                HAL_ADCEx_ChannelConfigReadyCallback
 .text.HAL_NVIC_SetPriority
                0x0000000008002474       0x60 ./Drivers/STM32G0xx_HAL_Driver/Src/stm32g0xx_hal_cortex.o
                0x0000000008002474                HAL_NVIC_SetPriority
 .text.HAL_NVIC_EnableIRQ
                0x00000000080024d4       0x18 ./Drivers/STM32G0xx_HAL_Driver/Src/stm32g0xx_hal_cortex.o
                0x00000000080024d4                HAL_NVIC_EnableIRQ
 .text.HAL_SYSTICK_Config
                0x00000000080024ec       0x38 ./Drivers/STM32G0xx_HAL_Driver/Src/stm32g0xx_hal_cortex.o
                0x00000000080024ec                HAL_SYSTICK_Config
 .text.DMA_SetConfig
                0x0000000008002524       0x48 ./Drivers/STM32G0xx_HAL_Driver/Src/stm32g0xx_hal_dma.o
 .text.DMA_CalcDMAMUXChannelBaseAndMask
                0x000000000800256c       0x38 ./Drivers/STM32G0xx_HAL_Driver/Src/stm32g0xx_hal_dma.o
 .text.DMA_CalcDMAMUXRequestGenBaseAndMask
                0x00000000080025a4       0x28 ./Drivers/STM32G0xx_HAL_Driver/Src/stm32g0xx_hal_dma.o
 .text.HAL_DMA_Init
                0x00000000080025cc       0xb0 ./Drivers/STM32G0xx_HAL_Driver/Src/stm32g0xx_hal_dma.o
                0x00000000080025cc                HAL_DMA_Init
 .text.HAL_DMA_Start_IT
                0x000000000800267c       0x9c ./Drivers/STM32G0xx_HAL_Driver/Src/stm32g0xx_hal_dma.o
                0x000000000800267c                HAL_DMA_Start_IT
 .text.HAL_DMA_IRQHandler
                0x0000000008002718       0xcc ./Drivers/STM32G0xx_HAL_Driver/Src/stm32g0xx_hal_dma.o
                0x0000000008002718                HAL_DMA_IRQHandler
 .text.HAL_GPIO_Init
                0x00000000080027e4      0x17c ./Drivers/STM32G0xx_HAL_Driver/Src/stm32g0xx_hal_gpio.o
                0x00000000080027e4                HAL_GPIO_Init
 .text.HAL_GPIO_ReadPin
                0x0000000008002960        0xe ./Drivers/STM32G0xx_HAL_Driver/Src/stm32g0xx_hal_gpio.o
                0x0000000008002960                HAL_GPIO_ReadPin
 .text.HAL_GPIO_WritePin
                0x000000000800296e        0xc ./Drivers/STM32G0xx_HAL_Driver/Src/stm32g0xx_hal_gpio.o
                0x000000000800296e                HAL_GPIO_WritePin
 .text.HAL_GPIO_TogglePin
                0x000000000800297a       0x10 ./Drivers/STM32G0xx_HAL_Driver/Src/stm32g0xx_hal_gpio.o
                0x000000000800297a                HAL_GPIO_TogglePin
 *fill*         0x000000000800298a        0x2 
 .text.HAL_PWREx_ControlVoltageScaling
                0x000000000800298c       0x54 ./Drivers/STM32G0xx_HAL_Driver/Src/stm32g0xx_hal_pwr_ex.o
                0x000000000800298c                HAL_PWREx_ControlVoltageScaling
 .text.HAL_RCC_DeInit
                0x00000000080029e0       0xb4 ./Drivers/STM32G0xx_HAL_Driver/Src/stm32g0xx_hal_rcc.o
                0x00000000080029e0                HAL_RCC_DeInit
 .text.HAL_RCC_OscConfig
                0x0000000008002a94      0x4ac ./Drivers/STM32G0xx_HAL_Driver/Src/stm32g0xx_hal_rcc.o
                0x0000000008002a94                HAL_RCC_OscConfig
 .text.HAL_RCC_GetSysClockFreq
                0x0000000008002f40       0xb8 ./Drivers/STM32G0xx_HAL_Driver/Src/stm32g0xx_hal_rcc.o
                0x0000000008002f40                HAL_RCC_GetSysClockFreq
 .text.HAL_RCC_ClockConfig
                0x0000000008002ff8      0x18c ./Drivers/STM32G0xx_HAL_Driver/Src/stm32g0xx_hal_rcc.o
                0x0000000008002ff8                HAL_RCC_ClockConfig
 .text.HAL_RCCEx_PeriphCLKConfig
                0x0000000008003184      0x17c ./Drivers/STM32G0xx_HAL_Driver/Src/stm32g0xx_hal_rcc_ex.o
                0x0000000008003184                HAL_RCCEx_PeriphCLKConfig
 .text.TIM_TI1_ConfigInputStage
                0x0000000008003300       0x22 ./Drivers/STM32G0xx_HAL_Driver/Src/stm32g0xx_hal_tim.o
 *fill*         0x0000000008003322        0x2 
 .text.TIM_TI2_ConfigInputStage
                0x0000000008003324       0x28 ./Drivers/STM32G0xx_HAL_Driver/Src/stm32g0xx_hal_tim.o
 .text.TIM_ITRx_SetConfig
                0x000000000800334c       0x14 ./Drivers/STM32G0xx_HAL_Driver/Src/stm32g0xx_hal_tim.o
 .text.HAL_TIM_Base_Start_IT
                0x0000000008003360       0x68 ./Drivers/STM32G0xx_HAL_Driver/Src/stm32g0xx_hal_tim.o
                0x0000000008003360                HAL_TIM_Base_Start_IT
 .text.HAL_TIM_OC_DelayElapsedCallback
                0x00000000080033c8        0x2 ./Drivers/STM32G0xx_HAL_Driver/Src/stm32g0xx_hal_tim.o
                0x00000000080033c8                HAL_TIM_OC_DelayElapsedCallback
 .text.HAL_TIM_IC_CaptureCallback
                0x00000000080033ca        0x2 ./Drivers/STM32G0xx_HAL_Driver/Src/stm32g0xx_hal_tim.o
                0x00000000080033ca                HAL_TIM_IC_CaptureCallback
 .text.HAL_TIM_PWM_PulseFinishedCallback
                0x00000000080033cc        0x2 ./Drivers/STM32G0xx_HAL_Driver/Src/stm32g0xx_hal_tim.o
                0x00000000080033cc                HAL_TIM_PWM_PulseFinishedCallback
 .text.HAL_TIM_TriggerCallback
                0x00000000080033ce        0x2 ./Drivers/STM32G0xx_HAL_Driver/Src/stm32g0xx_hal_tim.o
                0x00000000080033ce                HAL_TIM_TriggerCallback
 .text.HAL_TIM_IRQHandler
                0x00000000080033d0      0x178 ./Drivers/STM32G0xx_HAL_Driver/Src/stm32g0xx_hal_tim.o
                0x00000000080033d0                HAL_TIM_IRQHandler
 .text.TIM_Base_SetConfig
                0x0000000008003548       0x84 ./Drivers/STM32G0xx_HAL_Driver/Src/stm32g0xx_hal_tim.o
                0x0000000008003548                TIM_Base_SetConfig
 .text.HAL_TIM_Base_Init
                0x00000000080035cc       0x60 ./Drivers/STM32G0xx_HAL_Driver/Src/stm32g0xx_hal_tim.o
                0x00000000080035cc                HAL_TIM_Base_Init
 .text.TIM_ETR_SetConfig
                0x000000000800362c       0x18 ./Drivers/STM32G0xx_HAL_Driver/Src/stm32g0xx_hal_tim.o
                0x000000000800362c                TIM_ETR_SetConfig
 .text.HAL_TIM_ConfigClockSource
                0x0000000008003644       0xe4 ./Drivers/STM32G0xx_HAL_Driver/Src/stm32g0xx_hal_tim.o
                0x0000000008003644                HAL_TIM_ConfigClockSource
 .text.HAL_TIMEx_MasterConfigSynchronization
                0x0000000008003728       0x70 ./Drivers/STM32G0xx_HAL_Driver/Src/stm32g0xx_hal_tim_ex.o
                0x0000000008003728                HAL_TIMEx_MasterConfigSynchronization
 .text.HAL_TIMEx_CommutCallback
                0x0000000008003798        0x2 ./Drivers/STM32G0xx_HAL_Driver/Src/stm32g0xx_hal_tim_ex.o
                0x0000000008003798                HAL_TIMEx_CommutCallback
 .text.HAL_TIMEx_BreakCallback
                0x000000000800379a        0x2 ./Drivers/STM32G0xx_HAL_Driver/Src/stm32g0xx_hal_tim_ex.o
                0x000000000800379a                HAL_TIMEx_BreakCallback
 .text.HAL_TIMEx_Break2Callback
                0x000000000800379c        0x2 ./Drivers/STM32G0xx_HAL_Driver/Src/stm32g0xx_hal_tim_ex.o
                0x000000000800379c                HAL_TIMEx_Break2Callback
 .text.LL_GPIO_Init
                0x000000000800379e       0xae ./Drivers/STM32G0xx_HAL_Driver/Src/stm32g0xx_ll_gpio.o
                0x000000000800379e                LL_GPIO_Init
 .text.RCC_GetHCLKClockFreq
                0x000000000800384c       0x20 ./Drivers/STM32G0xx_HAL_Driver/Src/stm32g0xx_ll_rcc.o
                0x000000000800384c                RCC_GetHCLKClockFreq
 .text.RCC_GetPCLK1ClockFreq
                0x000000000800386c       0x20 ./Drivers/STM32G0xx_HAL_Driver/Src/stm32g0xx_ll_rcc.o
                0x000000000800386c                RCC_GetPCLK1ClockFreq
 .text.RCC_PLL_GetFreqDomain_SYS
                0x000000000800388c       0x48 ./Drivers/STM32G0xx_HAL_Driver/Src/stm32g0xx_ll_rcc.o
                0x000000000800388c                RCC_PLL_GetFreqDomain_SYS
 .text.RCC_GetSystemClockFreq
                0x00000000080038d4       0x38 ./Drivers/STM32G0xx_HAL_Driver/Src/stm32g0xx_ll_rcc.o
                0x00000000080038d4                RCC_GetSystemClockFreq
 .text.LL_RCC_GetSystemClocksFreq
                0x000000000800390c       0x18 ./Drivers/STM32G0xx_HAL_Driver/Src/stm32g0xx_ll_rcc.o
                0x000000000800390c                LL_RCC_GetSystemClocksFreq
 .text.LL_RCC_GetUSARTClockFreq
                0x0000000008003924       0x78 ./Drivers/STM32G0xx_HAL_Driver/Src/stm32g0xx_ll_rcc.o
                0x0000000008003924                LL_RCC_GetUSARTClockFreq
 .text.LL_USART_Init
                0x000000000800399c      0x100 ./Drivers/STM32G0xx_HAL_Driver/Src/stm32g0xx_ll_usart.o
                0x000000000800399c                LL_USART_Init
 .text.__errno  0x0000000008003a9c        0xc c:/st/stm32cubeide_1.3.0/stm32cubeide/plugins/com.st.stm32cube.ide.mcu.externaltools.gnu-tools-for-stm32.9-2020-q2-update.win32_2.0.0.202105311346/tools/bin/../lib/gcc/arm-none-eabi/9.3.1/../../../../arm-none-eabi/lib/thumb/v6-m/nofp\libc_nano.a(lib_a-errno.o)
                0x0000000008003a9c                __errno
 .text.__libc_init_array
                0x0000000008003aa8       0x48 c:/st/stm32cubeide_1.3.0/stm32cubeide/plugins/com.st.stm32cube.ide.mcu.externaltools.gnu-tools-for-stm32.9-2020-q2-update.win32_2.0.0.202105311346/tools/bin/../lib/gcc/arm-none-eabi/9.3.1/../../../../arm-none-eabi/lib/thumb/v6-m/nofp\libc_nano.a(lib_a-init.o)
                0x0000000008003aa8                __libc_init_array
 .text.memcpy   0x0000000008003af0       0x12 c:/st/stm32cubeide_1.3.0/stm32cubeide/plugins/com.st.stm32cube.ide.mcu.externaltools.gnu-tools-for-stm32.9-2020-q2-update.win32_2.0.0.202105311346/tools/bin/../lib/gcc/arm-none-eabi/9.3.1/../../../../arm-none-eabi/lib/thumb/v6-m/nofp\libc_nano.a(lib_a-memcpy-stub.o)
                0x0000000008003af0                memcpy
 .text.memset   0x0000000008003b02       0x10 c:/st/stm32cubeide_1.3.0/stm32cubeide/plugins/com.st.stm32cube.ide.mcu.externaltools.gnu-tools-for-stm32.9-2020-q2-update.win32_2.0.0.202105311346/tools/bin/../lib/gcc/arm-none-eabi/9.3.1/../../../../arm-none-eabi/lib/thumb/v6-m/nofp\libc_nano.a(lib_a-memset.o)
                0x0000000008003b02                memset
 *fill*         0x0000000008003b12        0x2 
 .text.snprintf
                0x0000000008003b14       0x68 c:/st/stm32cubeide_1.3.0/stm32cubeide/plugins/com.st.stm32cube.ide.mcu.externaltools.gnu-tools-for-stm32.9-2020-q2-update.win32_2.0.0.202105311346/tools/bin/../lib/gcc/arm-none-eabi/9.3.1/../../../../arm-none-eabi/lib/thumb/v6-m/nofp\libc_nano.a(lib_a-snprintf.o)
                0x0000000008003b14                sniprintf
                0x0000000008003b14                snprintf
 .text.sprintf  0x0000000008003b7c       0x40 c:/st/stm32cubeide_1.3.0/stm32cubeide/plugins/com.st.stm32cube.ide.mcu.externaltools.gnu-tools-for-stm32.9-2020-q2-update.win32_2.0.0.202105311346/tools/bin/../lib/gcc/arm-none-eabi/9.3.1/../../../../arm-none-eabi/lib/thumb/v6-m/nofp\libc_nano.a(lib_a-sprintf.o)
                0x0000000008003b7c                siprintf
                0x0000000008003b7c                sprintf
 .text.strncpy  0x0000000008003bbc       0x28 c:/st/stm32cubeide_1.3.0/stm32cubeide/plugins/com.st.stm32cube.ide.mcu.externaltools.gnu-tools-for-stm32.9-2020-q2-update.win32_2.0.0.202105311346/tools/bin/../lib/gcc/arm-none-eabi/9.3.1/../../../../arm-none-eabi/lib/thumb/v6-m/nofp\libc_nano.a(lib_a-strncpy.o)
                0x0000000008003bbc                strncpy
 .text.__ssputs_r
                0x0000000008003be4       0xc4 c:/st/stm32cubeide_1.3.0/stm32cubeide/plugins/com.st.stm32cube.ide.mcu.externaltools.gnu-tools-for-stm32.9-2020-q2-update.win32_2.0.0.202105311346/tools/bin/../lib/gcc/arm-none-eabi/9.3.1/../../../../arm-none-eabi/lib/thumb/v6-m/nofp\libc_nano.a(lib_a-nano-svfprintf.o)
                0x0000000008003be4                __ssputs_r
 .text._svfprintf_r
                0x0000000008003ca8      0x200 c:/st/stm32cubeide_1.3.0/stm32cubeide/plugins/com.st.stm32cube.ide.mcu.externaltools.gnu-tools-for-stm32.9-2020-q2-update.win32_2.0.0.202105311346/tools/bin/../lib/gcc/arm-none-eabi/9.3.1/../../../../arm-none-eabi/lib/thumb/v6-m/nofp\libc_nano.a(lib_a-nano-svfprintf.o)
                0x0000000008003ca8                _svfiprintf_r
                0x0000000008003ca8                _svfprintf_r
 .text._printf_common
                0x0000000008003ea8       0xde c:/st/stm32cubeide_1.3.0/stm32cubeide/plugins/com.st.stm32cube.ide.mcu.externaltools.gnu-tools-for-stm32.9-2020-q2-update.win32_2.0.0.202105311346/tools/bin/../lib/gcc/arm-none-eabi/9.3.1/../../../../arm-none-eabi/lib/thumb/v6-m/nofp\libc_nano.a(lib_a-nano-vfprintf_i.o)
                0x0000000008003ea8                _printf_common
 *fill*         0x0000000008003f86        0x2 
 .text._printf_i
                0x0000000008003f88      0x224 c:/st/stm32cubeide_1.3.0/stm32cubeide/plugins/com.st.stm32cube.ide.mcu.externaltools.gnu-tools-for-stm32.9-2020-q2-update.win32_2.0.0.202105311346/tools/bin/../lib/gcc/arm-none-eabi/9.3.1/../../../../arm-none-eabi/lib/thumb/v6-m/nofp\libc_nano.a(lib_a-nano-vfprintf_i.o)
                0x0000000008003f88                _printf_i
 .text.memchr   0x00000000080041ac       0x16 c:/st/stm32cubeide_1.3.0/stm32cubeide/plugins/com.st.stm32cube.ide.mcu.externaltools.gnu-tools-for-stm32.9-2020-q2-update.win32_2.0.0.202105311346/tools/bin/../lib/gcc/arm-none-eabi/9.3.1/../../../../arm-none-eabi/lib/thumb/v6-m/nofp\libc_nano.a(lib_a-memchr-stub.o)
                0x00000000080041ac                memchr
 .text.memmove  0x00000000080041c2       0x26 c:/st/stm32cubeide_1.3.0/stm32cubeide/plugins/com.st.stm32cube.ide.mcu.externaltools.gnu-tools-for-stm32.9-2020-q2-update.win32_2.0.0.202105311346/tools/bin/../lib/gcc/arm-none-eabi/9.3.1/../../../../arm-none-eabi/lib/thumb/v6-m/nofp\libc_nano.a(lib_a-memmove.o)
                0x00000000080041c2                memmove
 .text._free_r  0x00000000080041e8       0x94 c:/st/stm32cubeide_1.3.0/stm32cubeide/plugins/com.st.stm32cube.ide.mcu.externaltools.gnu-tools-for-stm32.9-2020-q2-update.win32_2.0.0.202105311346/tools/bin/../lib/gcc/arm-none-eabi/9.3.1/../../../../arm-none-eabi/lib/thumb/v6-m/nofp\libc_nano.a(lib_a-nano-freer.o)
                0x00000000080041e8                _free_r
 .text._malloc_r
                0x000000000800427c       0xbc c:/st/stm32cubeide_1.3.0/stm32cubeide/plugins/com.st.stm32cube.ide.mcu.externaltools.gnu-tools-for-stm32.9-2020-q2-update.win32_2.0.0.202105311346/tools/bin/../lib/gcc/arm-none-eabi/9.3.1/../../../../arm-none-eabi/lib/thumb/v6-m/nofp\libc_nano.a(lib_a-nano-mallocr.o)
                0x000000000800427c                _malloc_r
 .text._realloc_r
                0x0000000008004338       0x4c c:/st/stm32cubeide_1.3.0/stm32cubeide/plugins/com.st.stm32cube.ide.mcu.externaltools.gnu-tools-for-stm32.9-2020-q2-update.win32_2.0.0.202105311346/tools/bin/../lib/gcc/arm-none-eabi/9.3.1/../../../../arm-none-eabi/lib/thumb/v6-m/nofp\libc_nano.a(lib_a-nano-reallocr.o)
                0x0000000008004338                _realloc_r
 .text._sbrk_r  0x0000000008004384       0x24 c:/st/stm32cubeide_1.3.0/stm32cubeide/plugins/com.st.stm32cube.ide.mcu.externaltools.gnu-tools-for-stm32.9-2020-q2-update.win32_2.0.0.202105311346/tools/bin/../lib/gcc/arm-none-eabi/9.3.1/../../../../arm-none-eabi/lib/thumb/v6-m/nofp\libc_nano.a(lib_a-sbrkr.o)
                0x0000000008004384                _sbrk_r
 .text.__malloc_lock
                0x00000000080043a8       0x10 c:/st/stm32cubeide_1.3.0/stm32cubeide/plugins/com.st.stm32cube.ide.mcu.externaltools.gnu-tools-for-stm32.9-2020-q2-update.win32_2.0.0.202105311346/tools/bin/../lib/gcc/arm-none-eabi/9.3.1/../../../../arm-none-eabi/lib/thumb/v6-m/nofp\libc_nano.a(lib_a-mlock.o)
                0x00000000080043a8                __malloc_lock
 .text.__malloc_unlock
                0x00000000080043b8       0x10 c:/st/stm32cubeide_1.3.0/stm32cubeide/plugins/com.st.stm32cube.ide.mcu.externaltools.gnu-tools-for-stm32.9-2020-q2-update.win32_2.0.0.202105311346/tools/bin/../lib/gcc/arm-none-eabi/9.3.1/../../../../arm-none-eabi/lib/thumb/v6-m/nofp\libc_nano.a(lib_a-mlock.o)
                0x00000000080043b8                __malloc_unlock
 .text._malloc_usable_size_r
                0x00000000080043c8       0x10 c:/st/stm32cubeide_1.3.0/stm32cubeide/plugins/com.st.stm32cube.ide.mcu.externaltools.gnu-tools-for-stm32.9-2020-q2-update.win32_2.0.0.202105311346/tools/bin/../lib/gcc/arm-none-eabi/9.3.1/../../../../arm-none-eabi/lib/thumb/v6-m/nofp\libc_nano.a(lib_a-nano-msizer.o)
                0x00000000080043c8                _malloc_usable_size_r
 .text.__retarget_lock_acquire_recursive
                0x00000000080043d8        0x2 c:/st/stm32cubeide_1.3.0/stm32cubeide/plugins/com.st.stm32cube.ide.mcu.externaltools.gnu-tools-for-stm32.9-2020-q2-update.win32_2.0.0.202105311346/tools/bin/../lib/gcc/arm-none-eabi/9.3.1/../../../../arm-none-eabi/lib/thumb/v6-m/nofp\libc_nano.a(lib_a-lock.o)
                0x00000000080043d8                __retarget_lock_acquire_recursive
 .text.__retarget_lock_release_recursive
                0x00000000080043da        0x2 c:/st/stm32cubeide_1.3.0/stm32cubeide/plugins/com.st.stm32cube.ide.mcu.externaltools.gnu-tools-for-stm32.9-2020-q2-update.win32_2.0.0.202105311346/tools/bin/../lib/gcc/arm-none-eabi/9.3.1/../../../../arm-none-eabi/lib/thumb/v6-m/nofp\libc_nano.a(lib_a-lock.o)
                0x00000000080043da                __retarget_lock_release_recursive
 *(.glue_7)
 .glue_7        0x00000000080043dc        0x0 linker stubs
 *(.glue_7t)
 .glue_7t       0x00000000080043dc        0x0 linker stubs
 *(.eh_frame)
 .eh_frame      0x00000000080043dc        0x0 c:/st/stm32cubeide_1.3.0/stm32cubeide/plugins/com.st.stm32cube.ide.mcu.externaltools.gnu-tools-for-stm32.9-2020-q2-update.win32_2.0.0.202105311346/tools/bin/../lib/gcc/arm-none-eabi/9.3.1/thumb/v6-m/nofp/crtbegin.o
 *(.init)
 .init          0x00000000080043dc        0x4 c:/st/stm32cubeide_1.3.0/stm32cubeide/plugins/com.st.stm32cube.ide.mcu.externaltools.gnu-tools-for-stm32.9-2020-q2-update.win32_2.0.0.202105311346/tools/bin/../lib/gcc/arm-none-eabi/9.3.1/thumb/v6-m/nofp/crti.o
                0x00000000080043dc                _init
 .init          0x00000000080043e0        0x8 c:/st/stm32cubeide_1.3.0/stm32cubeide/plugins/com.st.stm32cube.ide.mcu.externaltools.gnu-tools-for-stm32.9-2020-q2-update.win32_2.0.0.202105311346/tools/bin/../lib/gcc/arm-none-eabi/9.3.1/thumb/v6-m/nofp/crtn.o
 *(.fini)
 .fini          0x00000000080043e8        0x4 c:/st/stm32cubeide_1.3.0/stm32cubeide/plugins/com.st.stm32cube.ide.mcu.externaltools.gnu-tools-for-stm32.9-2020-q2-update.win32_2.0.0.202105311346/tools/bin/../lib/gcc/arm-none-eabi/9.3.1/thumb/v6-m/nofp/crti.o
                0x00000000080043e8                _fini
 .fini          0x00000000080043ec        0x8 c:/st/stm32cubeide_1.3.0/stm32cubeide/plugins/com.st.stm32cube.ide.mcu.externaltools.gnu-tools-for-stm32.9-2020-q2-update.win32_2.0.0.202105311346/tools/bin/../lib/gcc/arm-none-eabi/9.3.1/thumb/v6-m/nofp/crtn.o
                0x00000000080043f4                . = ALIGN (0x4)
                0x00000000080043f4                _etext = .

.vfp11_veneer   0x00000000080043f4        0x0
 .vfp11_veneer  0x00000000080043f4        0x0 linker stubs

.v4_bx          0x00000000080043f4        0x0
 .v4_bx         0x00000000080043f4        0x0 linker stubs

.iplt           0x00000000080043f4        0x0
 .iplt          0x00000000080043f4        0x0 c:/st/stm32cubeide_1.3.0/stm32cubeide/plugins/com.st.stm32cube.ide.mcu.externaltools.gnu-tools-for-stm32.9-2020-q2-update.win32_2.0.0.202105311346/tools/bin/../lib/gcc/arm-none-eabi/9.3.1/thumb/v6-m/nofp/crtbegin.o

.rodata         0x00000000080043f4      0x334
                0x00000000080043f4                . = ALIGN (0x4)
 *(.rodata)
 *(.rodata*)
 .rodata.ecPortHandleFeedback.str1.4
                0x00000000080043f4       0x6e ./Core/Src/interface.o
 *fill*         0x0000000008004462        0x2 
 .rodata.ecPortHandleFeedback
                0x0000000008004464       0x18 ./Core/Src/interface.o
 .rodata.ecPortExecCommand.str1.4
                0x000000000800447c       0x46 ./Core/Src/interface.o
 *fill*         0x00000000080044c2        0x2 
 .rodata.ecPortExecCommand
                0x00000000080044c4       0x18 ./Core/Src/interface.o
 .rodata.ecSerialExecCommand.str1.4
                0x00000000080044dc       0x4c ./Core/Src/interface.o
 .rodata.ecSerialHandleFeedback.str1.4
                0x0000000008004528       0xa2 ./Core/Src/interface.o
 *fill*         0x00000000080045ca        0x2 
 .rodata.ecSerialHandleFeedback
                0x00000000080045cc       0x18 ./Core/Src/interface.o
 .rodata.ecFormatFixptStr.str1.4
                0x00000000080045e4        0x8 ./Core/Src/main.o
 .rodata.ecDecodeKey
                0x00000000080045ec       0x24 ./Core/Src/main.o
 .rodata.ecGetKey
                0x0000000008004610       0x28 ./Core/Src/main.o
 .rodata.main.str1.4
                0x0000000008004638       0x29 ./Core/Src/main.o
 *fill*         0x0000000008004661        0x3 
 .rodata.AHBPrescTable
                0x0000000008004664       0x40 ./Core/Src/system_stm32g0xx.o
                0x0000000008004664                AHBPrescTable
 .rodata.APBPrescTable
                0x00000000080046a4       0x20 ./Core/Src/system_stm32g0xx.o
                0x00000000080046a4                APBPrescTable
 .rodata.USART_PRESCALER_TAB
                0x00000000080046c4       0x30 ./Drivers/STM32G0xx_HAL_Driver/Src/stm32g0xx_ll_usart.o
 .rodata._svfprintf_r.str1.1
                0x00000000080046f4       0x11 c:/st/stm32cubeide_1.3.0/stm32cubeide/plugins/com.st.stm32cube.ide.mcu.externaltools.gnu-tools-for-stm32.9-2020-q2-update.win32_2.0.0.202105311346/tools/bin/../lib/gcc/arm-none-eabi/9.3.1/../../../../arm-none-eabi/lib/thumb/v6-m/nofp\libc_nano.a(lib_a-nano-svfprintf.o)
 .rodata._printf_i.str1.1
                0x0000000008004705       0x22 c:/st/stm32cubeide_1.3.0/stm32cubeide/plugins/com.st.stm32cube.ide.mcu.externaltools.gnu-tools-for-stm32.9-2020-q2-update.win32_2.0.0.202105311346/tools/bin/../lib/gcc/arm-none-eabi/9.3.1/../../../../arm-none-eabi/lib/thumb/v6-m/nofp\libc_nano.a(lib_a-nano-vfprintf_i.o)
                0x0000000008004728                . = ALIGN (0x4)
 *fill*         0x0000000008004727        0x1 

.rel.dyn        0x0000000008004728        0x0
 .rel.iplt      0x0000000008004728        0x0 c:/st/stm32cubeide_1.3.0/stm32cubeide/plugins/com.st.stm32cube.ide.mcu.externaltools.gnu-tools-for-stm32.9-2020-q2-update.win32_2.0.0.202105311346/tools/bin/../lib/gcc/arm-none-eabi/9.3.1/thumb/v6-m/nofp/crtbegin.o

.ARM.extab      0x0000000008004728        0x0
                0x0000000008004728                . = ALIGN (0x4)
 *(.ARM.extab* .gnu.linkonce.armextab.*)
                0x0000000008004728                . = ALIGN (0x4)

.ARM            0x0000000008004728        0x0
                0x0000000008004728                . = ALIGN (0x4)
                0x0000000008004728                __exidx_start = .
 *(.ARM.exidx*)
                0x0000000008004728                __exidx_end = .
                0x0000000008004728                . = ALIGN (0x4)

.preinit_array  0x0000000008004728        0x0
                0x0000000008004728                . = ALIGN (0x4)
                0x0000000008004728                PROVIDE (__preinit_array_start = .)
 *(.preinit_array*)
                0x0000000008004728                PROVIDE (__preinit_array_end = .)
                0x0000000008004728                . = ALIGN (0x4)

.init_array     0x0000000008004728        0x4
                0x0000000008004728                . = ALIGN (0x4)
                0x0000000008004728                PROVIDE (__init_array_start = .)
 *(SORT_BY_NAME(.init_array.*))
 *(.init_array*)
 .init_array    0x0000000008004728        0x4 c:/st/stm32cubeide_1.3.0/stm32cubeide/plugins/com.st.stm32cube.ide.mcu.externaltools.gnu-tools-for-stm32.9-2020-q2-update.win32_2.0.0.202105311346/tools/bin/../lib/gcc/arm-none-eabi/9.3.1/thumb/v6-m/nofp/crtbegin.o
                0x000000000800472c                PROVIDE (__init_array_end = .)
                0x000000000800472c                . = ALIGN (0x4)

.fini_array     0x000000000800472c        0x4
                0x000000000800472c                . = ALIGN (0x4)
                [!provide]                        PROVIDE (__fini_array_start = .)
 *(SORT_BY_NAME(.fini_array.*))
 *(.fini_array*)
 .fini_array    0x000000000800472c        0x4 c:/st/stm32cubeide_1.3.0/stm32cubeide/plugins/com.st.stm32cube.ide.mcu.externaltools.gnu-tools-for-stm32.9-2020-q2-update.win32_2.0.0.202105311346/tools/bin/../lib/gcc/arm-none-eabi/9.3.1/thumb/v6-m/nofp/crtbegin.o
                [!provide]                        PROVIDE (__fini_array_end = .)
                0x0000000008004730                . = ALIGN (0x4)
                0x0000000008004730                _sidata = LOADADDR (.data)

.data           0x0000000020000000       0x70 load address 0x0000000008004730
                0x0000000020000000                . = ALIGN (0x4)
                0x0000000020000000                _sdata = .
 *(.data)
 *(.data*)
 .data.SystemCoreClock
                0x0000000020000000        0x4 ./Core/Src/system_stm32g0xx.o
                0x0000000020000000                SystemCoreClock
 .data.uwTickFreq
                0x0000000020000004        0x1 ./Drivers/STM32G0xx_HAL_Driver/Src/stm32g0xx_hal.o
                0x0000000020000004                uwTickFreq
 *fill*         0x0000000020000005        0x3 
 .data.uwTickPrio
                0x0000000020000008        0x4 ./Drivers/STM32G0xx_HAL_Driver/Src/stm32g0xx_hal.o
                0x0000000020000008                uwTickPrio
 .data._impure_ptr
                0x000000002000000c        0x4 c:/st/stm32cubeide_1.3.0/stm32cubeide/plugins/com.st.stm32cube.ide.mcu.externaltools.gnu-tools-for-stm32.9-2020-q2-update.win32_2.0.0.202105311346/tools/bin/../lib/gcc/arm-none-eabi/9.3.1/../../../../arm-none-eabi/lib/thumb/v6-m/nofp\libc_nano.a(lib_a-impure.o)
                0x000000002000000c                _impure_ptr
 .data.impure_data
                0x0000000020000010       0x60 c:/st/stm32cubeide_1.3.0/stm32cubeide/plugins/com.st.stm32cube.ide.mcu.externaltools.gnu-tools-for-stm32.9-2020-q2-update.win32_2.0.0.202105311346/tools/bin/../lib/gcc/arm-none-eabi/9.3.1/../../../../arm-none-eabi/lib/thumb/v6-m/nofp\libc_nano.a(lib_a-impure.o)
                0x0000000020000070                . = ALIGN (0x4)
                0x0000000020000070                _edata = .

.igot.plt       0x0000000020000070        0x0 load address 0x00000000080047a0
 .igot.plt      0x0000000020000070        0x0 c:/st/stm32cubeide_1.3.0/stm32cubeide/plugins/com.st.stm32cube.ide.mcu.externaltools.gnu-tools-for-stm32.9-2020-q2-update.win32_2.0.0.202105311346/tools/bin/../lib/gcc/arm-none-eabi/9.3.1/thumb/v6-m/nofp/crtbegin.o
                0x0000000020000070                . = ALIGN (0x4)

.bss            0x0000000020000070      0x324 load address 0x00000000080047a0
                0x0000000020000070                _sbss = .
                0x0000000020000070                __bss_start__ = _sbss
 *(.bss)
 .bss           0x0000000020000070       0x1c c:/st/stm32cubeide_1.3.0/stm32cubeide/plugins/com.st.stm32cube.ide.mcu.externaltools.gnu-tools-for-stm32.9-2020-q2-update.win32_2.0.0.202105311346/tools/bin/../lib/gcc/arm-none-eabi/9.3.1/thumb/v6-m/nofp/crtbegin.o
 *(.bss*)
 .bss.doubleCounter.10913
                0x000000002000008c        0x1 ./Core/Src/interface.o
 .bss.lastCmd.10912
                0x000000002000008d        0x1 ./Core/Src/interface.o
 .bss.old_piPortState.10881
                0x000000002000008e        0x1 ./Core/Src/interface.o
 .bss.preparePiPower_off.10876
                0x000000002000008f        0x1 ./Core/Src/interface.o
 .bss.preparePiPower_off.10953
                0x0000000020000090        0x1 ./Core/Src/interface.o
 *fill*         0x0000000020000091        0x1 
 .bss.keyTimer.10965
                0x0000000020000092        0x2 ./Core/Src/main.o
 .bss.retStr.10903
                0x0000000020000094       0x10 ./Core/Src/main.o
 .bss.heap_end.5222
                0x00000000200000a4        0x4 ./Core/Src/sysmem.o
 .bss.__malloc_free_list
                0x00000000200000a8        0x4 c:/st/stm32cubeide_1.3.0/stm32cubeide/plugins/com.st.stm32cube.ide.mcu.externaltools.gnu-tools-for-stm32.9-2020-q2-update.win32_2.0.0.202105311346/tools/bin/../lib/gcc/arm-none-eabi/9.3.1/../../../../arm-none-eabi/lib/thumb/v6-m/nofp\libc_nano.a(lib_a-nano-mallocr.o)
                0x00000000200000a8                __malloc_free_list
 .bss.__malloc_sbrk_start
                0x00000000200000ac        0x4 c:/st/stm32cubeide_1.3.0/stm32cubeide/plugins/com.st.stm32cube.ide.mcu.externaltools.gnu-tools-for-stm32.9-2020-q2-update.win32_2.0.0.202105311346/tools/bin/../lib/gcc/arm-none-eabi/9.3.1/../../../../arm-none-eabi/lib/thumb/v6-m/nofp\libc_nano.a(lib_a-nano-mallocr.o)
                0x00000000200000ac                __malloc_sbrk_start
 *(COMMON)
 COMMON         0x00000000200000b0       0xf8 ./Core/Src/Timer.o
                0x00000000200000b0                g_powerState
                0x00000000200000b4                gSWTimer
                0x00000000200000bc                g_hadc1
                0x0000000020000120                g_debugPiState
                0x0000000020000124                gLED
                0x0000000020000144                g_adc_voltages
                0x000000002000014c                g_piAck
                0x0000000020000150                gBlinkCount
                0x0000000020000158                gBlinkPeriod
                0x0000000020000160                g_analogStr
                0x0000000020000190                gBlinkChangeTime
                0x0000000020000198                g_adc_buf
                0x00000000200001a0                g_sys_Mode
                0x00000000200001a4                g_debugInt
 COMMON         0x00000000200001a8       0x55 ./Core/Src/interface.o
                0x00000000200001a8                g_PI_watchdog_Ok
                0x00000000200001ac                strMessage
 *fill*         0x00000000200001fd        0x3 
 COMMON         0x0000000020000200       0x6c ./Core/Src/lowlevel.o
                0x0000000020000200                rxActiveBuffer
                0x0000000020000204                rxBuffer2
                0x0000000020000234                g_rx_chars
                0x0000000020000236                g_rxRdy
                0x0000000020000238                rxUserBuffer
                0x000000002000023c                rxBuffer1
 COMMON         0x000000002000026c      0x114 ./Core/Src/main.o
                0x000000002000026c                g_adcRdy
                0x0000000020000270                htim3
                0x00000000200002bc                hadc1
                0x0000000020000320                g_keyState
                0x0000000020000324                hdma_adc1
 COMMON         0x0000000020000380        0x4 ./Drivers/STM32G0xx_HAL_Driver/Src/stm32g0xx_hal.o
                0x0000000020000380                uwTick
 COMMON         0x0000000020000384        0x4 c:/st/stm32cubeide_1.3.0/stm32cubeide/plugins/com.st.stm32cube.ide.mcu.externaltools.gnu-tools-for-stm32.9-2020-q2-update.win32_2.0.0.202105311346/tools/bin/../lib/gcc/arm-none-eabi/9.3.1/../../../../arm-none-eabi/lib/thumb/v6-m/nofp\libc_nano.a(lib_a-reent.o)
                0x0000000020000384                errno
 COMMON         0x0000000020000388        0x9 c:/st/stm32cubeide_1.3.0/stm32cubeide/plugins/com.st.stm32cube.ide.mcu.externaltools.gnu-tools-for-stm32.9-2020-q2-update.win32_2.0.0.202105311346/tools/bin/../lib/gcc/arm-none-eabi/9.3.1/../../../../arm-none-eabi/lib/thumb/v6-m/nofp\libc_nano.a(lib_a-lock.o)
                0x0000000020000388                __lock___atexit_recursive_mutex
                0x0000000020000389                __lock___arc4random_mutex
                0x000000002000038a                __lock___env_recursive_mutex
                0x000000002000038b                __lock___sinit_recursive_mutex
                0x000000002000038c                __lock___malloc_recursive_mutex
                0x000000002000038d                __lock___at_quick_exit_mutex
                0x000000002000038e                __lock___dd_hash_mutex
                0x000000002000038f                __lock___tz_mutex
                0x0000000020000390                __lock___sfp_recursive_mutex
                0x0000000020000394                . = ALIGN (0x4)
 *fill*         0x0000000020000391        0x3 
                0x0000000020000394                _ebss = .
                0x0000000020000394                __bss_end__ = _ebss

._user_heap_stack
                0x0000000020000394      0x604 load address 0x00000000080047a0
                0x0000000020000398                . = ALIGN (0x8)
 *fill*         0x0000000020000394        0x4 
                0x0000000020000398                PROVIDE (end = .)
                [!provide]                        PROVIDE (_end = .)
                0x0000000020000598                . = (. + _Min_Heap_Size)
 *fill*         0x0000000020000398      0x200 
                0x0000000020000998                . = (. + _Min_Stack_Size)
 *fill*         0x0000000020000598      0x400 
                0x0000000020000998                . = ALIGN (0x8)

/DISCARD/
 libc.a(*)
 libm.a(*)
 libgcc.a(*)

.ARM.attributes
                0x0000000000000000       0x28
 *(.ARM.attributes)
 .ARM.attributes
                0x0000000000000000       0x1e c:/st/stm32cubeide_1.3.0/stm32cubeide/plugins/com.st.stm32cube.ide.mcu.externaltools.gnu-tools-for-stm32.9-2020-q2-update.win32_2.0.0.202105311346/tools/bin/../lib/gcc/arm-none-eabi/9.3.1/thumb/v6-m/nofp/crti.o
 .ARM.attributes
                0x000000000000001e       0x2c c:/st/stm32cubeide_1.3.0/stm32cubeide/plugins/com.st.stm32cube.ide.mcu.externaltools.gnu-tools-for-stm32.9-2020-q2-update.win32_2.0.0.202105311346/tools/bin/../lib/gcc/arm-none-eabi/9.3.1/thumb/v6-m/nofp/crtbegin.o
 .ARM.attributes
                0x000000000000004a       0x2c ./Core/Src/Timer.o
 .ARM.attributes
                0x0000000000000076       0x2c ./Core/Src/interface.o
 .ARM.attributes
                0x00000000000000a2       0x2c ./Core/Src/jump_bootloader.o
 .ARM.attributes
                0x00000000000000ce       0x2c ./Core/Src/lowlevel.o
 .ARM.attributes
                0x00000000000000fa       0x2c ./Core/Src/main.o
 .ARM.attributes
                0x0000000000000126       0x2c ./Core/Src/stm32g0xx_hal_msp.o
 .ARM.attributes
                0x0000000000000152       0x2c ./Core/Src/stm32g0xx_it.o
 .ARM.attributes
                0x000000000000017e       0x2c ./Core/Src/sysmem.o
 .ARM.attributes
                0x00000000000001aa       0x2c ./Core/Src/system_stm32g0xx.o
 .ARM.attributes
                0x00000000000001d6       0x21 ./Core/Startup/startup_stm32g030f6px.o
 .ARM.attributes
                0x00000000000001f7       0x2c ./Drivers/STM32G0xx_HAL_Driver/Src/stm32g0xx_hal.o
 .ARM.attributes
                0x0000000000000223       0x2c ./Drivers/STM32G0xx_HAL_Driver/Src/stm32g0xx_hal_adc.o
 .ARM.attributes
                0x000000000000024f       0x2c ./Drivers/STM32G0xx_HAL_Driver/Src/stm32g0xx_hal_adc_ex.o
 .ARM.attributes
                0x000000000000027b       0x2c ./Drivers/STM32G0xx_HAL_Driver/Src/stm32g0xx_hal_cortex.o
 .ARM.attributes
                0x00000000000002a7       0x2c ./Drivers/STM32G0xx_HAL_Driver/Src/stm32g0xx_hal_dma.o
 .ARM.attributes
                0x00000000000002d3       0x2c ./Drivers/STM32G0xx_HAL_Driver/Src/stm32g0xx_hal_gpio.o
 .ARM.attributes
                0x00000000000002ff       0x2c ./Drivers/STM32G0xx_HAL_Driver/Src/stm32g0xx_hal_pwr_ex.o
 .ARM.attributes
                0x000000000000032b       0x2c ./Drivers/STM32G0xx_HAL_Driver/Src/stm32g0xx_hal_rcc.o
 .ARM.attributes
                0x0000000000000357       0x2c ./Drivers/STM32G0xx_HAL_Driver/Src/stm32g0xx_hal_rcc_ex.o
 .ARM.attributes
                0x0000000000000383       0x2c ./Drivers/STM32G0xx_HAL_Driver/Src/stm32g0xx_hal_tim.o
 .ARM.attributes
                0x00000000000003af       0x2c ./Drivers/STM32G0xx_HAL_Driver/Src/stm32g0xx_hal_tim_ex.o
 .ARM.attributes
                0x00000000000003db       0x2c ./Drivers/STM32G0xx_HAL_Driver/Src/stm32g0xx_ll_gpio.o
 .ARM.attributes
                0x0000000000000407       0x2c ./Drivers/STM32G0xx_HAL_Driver/Src/stm32g0xx_ll_rcc.o
 .ARM.attributes
                0x0000000000000433       0x2c ./Drivers/STM32G0xx_HAL_Driver/Src/stm32g0xx_ll_usart.o
 .ARM.attributes
                0x000000000000045f       0x2c c:/st/stm32cubeide_1.3.0/stm32cubeide/plugins/com.st.stm32cube.ide.mcu.externaltools.gnu-tools-for-stm32.9-2020-q2-update.win32_2.0.0.202105311346/tools/bin/../lib/gcc/arm-none-eabi/9.3.1/../../../../arm-none-eabi/lib/thumb/v6-m/nofp\libc_nano.a(lib_a-errno.o)
 .ARM.attributes
                0x000000000000048b       0x2c c:/st/stm32cubeide_1.3.0/stm32cubeide/plugins/com.st.stm32cube.ide.mcu.externaltools.gnu-tools-for-stm32.9-2020-q2-update.win32_2.0.0.202105311346/tools/bin/../lib/gcc/arm-none-eabi/9.3.1/../../../../arm-none-eabi/lib/thumb/v6-m/nofp\libc_nano.a(lib_a-impure.o)
 .ARM.attributes
                0x00000000000004b7       0x2c c:/st/stm32cubeide_1.3.0/stm32cubeide/plugins/com.st.stm32cube.ide.mcu.externaltools.gnu-tools-for-stm32.9-2020-q2-update.win32_2.0.0.202105311346/tools/bin/../lib/gcc/arm-none-eabi/9.3.1/../../../../arm-none-eabi/lib/thumb/v6-m/nofp\libc_nano.a(lib_a-init.o)
 .ARM.attributes
                0x00000000000004e3       0x2c c:/st/stm32cubeide_1.3.0/stm32cubeide/plugins/com.st.stm32cube.ide.mcu.externaltools.gnu-tools-for-stm32.9-2020-q2-update.win32_2.0.0.202105311346/tools/bin/../lib/gcc/arm-none-eabi/9.3.1/../../../../arm-none-eabi/lib/thumb/v6-m/nofp\libc_nano.a(lib_a-memcpy-stub.o)
 .ARM.attributes
                0x000000000000050f       0x2c c:/st/stm32cubeide_1.3.0/stm32cubeide/plugins/com.st.stm32cube.ide.mcu.externaltools.gnu-tools-for-stm32.9-2020-q2-update.win32_2.0.0.202105311346/tools/bin/../lib/gcc/arm-none-eabi/9.3.1/../../../../arm-none-eabi/lib/thumb/v6-m/nofp\libc_nano.a(lib_a-memset.o)
 .ARM.attributes
                0x000000000000053b       0x2c c:/st/stm32cubeide_1.3.0/stm32cubeide/plugins/com.st.stm32cube.ide.mcu.externaltools.gnu-tools-for-stm32.9-2020-q2-update.win32_2.0.0.202105311346/tools/bin/../lib/gcc/arm-none-eabi/9.3.1/../../../../arm-none-eabi/lib/thumb/v6-m/nofp\libc_nano.a(lib_a-snprintf.o)
 .ARM.attributes
                0x0000000000000567       0x2c c:/st/stm32cubeide_1.3.0/stm32cubeide/plugins/com.st.stm32cube.ide.mcu.externaltools.gnu-tools-for-stm32.9-2020-q2-update.win32_2.0.0.202105311346/tools/bin/../lib/gcc/arm-none-eabi/9.3.1/../../../../arm-none-eabi/lib/thumb/v6-m/nofp\libc_nano.a(lib_a-sprintf.o)
 .ARM.attributes
                0x0000000000000593       0x1c c:/st/stm32cubeide_1.3.0/stm32cubeide/plugins/com.st.stm32cube.ide.mcu.externaltools.gnu-tools-for-stm32.9-2020-q2-update.win32_2.0.0.202105311346/tools/bin/../lib/gcc/arm-none-eabi/9.3.1/../../../../arm-none-eabi/lib/thumb/v6-m/nofp\libc_nano.a(lib_a-strlen.o)
 .ARM.attributes
                0x00000000000005af       0x2c c:/st/stm32cubeide_1.3.0/stm32cubeide/plugins/com.st.stm32cube.ide.mcu.externaltools.gnu-tools-for-stm32.9-2020-q2-update.win32_2.0.0.202105311346/tools/bin/../lib/gcc/arm-none-eabi/9.3.1/../../../../arm-none-eabi/lib/thumb/v6-m/nofp\libc_nano.a(lib_a-strncpy.o)
 .ARM.attributes
                0x00000000000005db       0x2c c:/st/stm32cubeide_1.3.0/stm32cubeide/plugins/com.st.stm32cube.ide.mcu.externaltools.gnu-tools-for-stm32.9-2020-q2-update.win32_2.0.0.202105311346/tools/bin/../lib/gcc/arm-none-eabi/9.3.1/../../../../arm-none-eabi/lib/thumb/v6-m/nofp\libc_nano.a(lib_a-nano-svfprintf.o)
 .ARM.attributes
                0x0000000000000607       0x2c c:/st/stm32cubeide_1.3.0/stm32cubeide/plugins/com.st.stm32cube.ide.mcu.externaltools.gnu-tools-for-stm32.9-2020-q2-update.win32_2.0.0.202105311346/tools/bin/../lib/gcc/arm-none-eabi/9.3.1/../../../../arm-none-eabi/lib/thumb/v6-m/nofp\libc_nano.a(lib_a-nano-vfprintf_i.o)
 .ARM.attributes
                0x0000000000000633       0x2c c:/st/stm32cubeide_1.3.0/stm32cubeide/plugins/com.st.stm32cube.ide.mcu.externaltools.gnu-tools-for-stm32.9-2020-q2-update.win32_2.0.0.202105311346/tools/bin/../lib/gcc/arm-none-eabi/9.3.1/../../../../arm-none-eabi/lib/thumb/v6-m/nofp\libc_nano.a(lib_a-memchr-stub.o)
 .ARM.attributes
                0x000000000000065f       0x2c c:/st/stm32cubeide_1.3.0/stm32cubeide/plugins/com.st.stm32cube.ide.mcu.externaltools.gnu-tools-for-stm32.9-2020-q2-update.win32_2.0.0.202105311346/tools/bin/../lib/gcc/arm-none-eabi/9.3.1/../../../../arm-none-eabi/lib/thumb/v6-m/nofp\libc_nano.a(lib_a-memmove.o)
 .ARM.attributes
                0x000000000000068b       0x2c c:/st/stm32cubeide_1.3.0/stm32cubeide/plugins/com.st.stm32cube.ide.mcu.externaltools.gnu-tools-for-stm32.9-2020-q2-update.win32_2.0.0.202105311346/tools/bin/../lib/gcc/arm-none-eabi/9.3.1/../../../../arm-none-eabi/lib/thumb/v6-m/nofp\libc_nano.a(lib_a-nano-freer.o)
 .ARM.attributes
                0x00000000000006b7       0x2c c:/st/stm32cubeide_1.3.0/stm32cubeide/plugins/com.st.stm32cube.ide.mcu.externaltools.gnu-tools-for-stm32.9-2020-q2-update.win32_2.0.0.202105311346/tools/bin/../lib/gcc/arm-none-eabi/9.3.1/../../../../arm-none-eabi/lib/thumb/v6-m/nofp\libc_nano.a(lib_a-nano-mallocr.o)
 .ARM.attributes
                0x00000000000006e3       0x2c c:/st/stm32cubeide_1.3.0/stm32cubeide/plugins/com.st.stm32cube.ide.mcu.externaltools.gnu-tools-for-stm32.9-2020-q2-update.win32_2.0.0.202105311346/tools/bin/../lib/gcc/arm-none-eabi/9.3.1/../../../../arm-none-eabi/lib/thumb/v6-m/nofp\libc_nano.a(lib_a-nano-reallocr.o)
 .ARM.attributes
                0x000000000000070f       0x2c c:/st/stm32cubeide_1.3.0/stm32cubeide/plugins/com.st.stm32cube.ide.mcu.externaltools.gnu-tools-for-stm32.9-2020-q2-update.win32_2.0.0.202105311346/tools/bin/../lib/gcc/arm-none-eabi/9.3.1/../../../../arm-none-eabi/lib/thumb/v6-m/nofp\libc_nano.a(lib_a-sbrkr.o)
 .ARM.attributes
                0x000000000000073b       0x2c c:/st/stm32cubeide_1.3.0/stm32cubeide/plugins/com.st.stm32cube.ide.mcu.externaltools.gnu-tools-for-stm32.9-2020-q2-update.win32_2.0.0.202105311346/tools/bin/../lib/gcc/arm-none-eabi/9.3.1/../../../../arm-none-eabi/lib/thumb/v6-m/nofp\libc_nano.a(lib_a-mlock.o)
 .ARM.attributes
                0x0000000000000767       0x2c c:/st/stm32cubeide_1.3.0/stm32cubeide/plugins/com.st.stm32cube.ide.mcu.externaltools.gnu-tools-for-stm32.9-2020-q2-update.win32_2.0.0.202105311346/tools/bin/../lib/gcc/arm-none-eabi/9.3.1/../../../../arm-none-eabi/lib/thumb/v6-m/nofp\libc_nano.a(lib_a-nano-msizer.o)
 .ARM.attributes
                0x0000000000000793       0x2c c:/st/stm32cubeide_1.3.0/stm32cubeide/plugins/com.st.stm32cube.ide.mcu.externaltools.gnu-tools-for-stm32.9-2020-q2-update.win32_2.0.0.202105311346/tools/bin/../lib/gcc/arm-none-eabi/9.3.1/../../../../arm-none-eabi/lib/thumb/v6-m/nofp\libc_nano.a(lib_a-reent.o)
 .ARM.attributes
                0x00000000000007bf       0x2c c:/st/stm32cubeide_1.3.0/stm32cubeide/plugins/com.st.stm32cube.ide.mcu.externaltools.gnu-tools-for-stm32.9-2020-q2-update.win32_2.0.0.202105311346/tools/bin/../lib/gcc/arm-none-eabi/9.3.1/../../../../arm-none-eabi/lib/thumb/v6-m/nofp\libc_nano.a(lib_a-lock.o)
 .ARM.attributes
                0x00000000000007eb       0x1e c:/st/stm32cubeide_1.3.0/stm32cubeide/plugins/com.st.stm32cube.ide.mcu.externaltools.gnu-tools-for-stm32.9-2020-q2-update.win32_2.0.0.202105311346/tools/bin/../lib/gcc/arm-none-eabi/9.3.1/thumb/v6-m/nofp\libgcc.a(_thumb1_case_shi.o)
 .ARM.attributes
                0x0000000000000809       0x1e c:/st/stm32cubeide_1.3.0/stm32cubeide/plugins/com.st.stm32cube.ide.mcu.externaltools.gnu-tools-for-stm32.9-2020-q2-update.win32_2.0.0.202105311346/tools/bin/../lib/gcc/arm-none-eabi/9.3.1/thumb/v6-m/nofp\libgcc.a(_udivsi3.o)
 .ARM.attributes
                0x0000000000000827       0x1e c:/st/stm32cubeide_1.3.0/stm32cubeide/plugins/com.st.stm32cube.ide.mcu.externaltools.gnu-tools-for-stm32.9-2020-q2-update.win32_2.0.0.202105311346/tools/bin/../lib/gcc/arm-none-eabi/9.3.1/thumb/v6-m/nofp\libgcc.a(_divsi3.o)
 .ARM.attributes
                0x0000000000000845       0x1e c:/st/stm32cubeide_1.3.0/stm32cubeide/plugins/com.st.stm32cube.ide.mcu.externaltools.gnu-tools-for-stm32.9-2020-q2-update.win32_2.0.0.202105311346/tools/bin/../lib/gcc/arm-none-eabi/9.3.1/thumb/v6-m/nofp\libgcc.a(_dvmd_tls.o)
 .ARM.attributes
                0x0000000000000863       0x1e c:/st/stm32cubeide_1.3.0/stm32cubeide/plugins/com.st.stm32cube.ide.mcu.externaltools.gnu-tools-for-stm32.9-2020-q2-update.win32_2.0.0.202105311346/tools/bin/../lib/gcc/arm-none-eabi/9.3.1/thumb/v6-m/nofp/crtn.o
OUTPUT(UPS-2_G030.elf elf32-littlearm)
LOAD linker stubs
LOAD c:/st/stm32cubeide_1.3.0/stm32cubeide/plugins/com.st.stm32cube.ide.mcu.externaltools.gnu-tools-for-stm32.9-2020-q2-update.win32_2.0.0.202105311346/tools/bin/../lib/gcc/arm-none-eabi/9.3.1/../../../../arm-none-eabi/lib/thumb/v6-m/nofp\libc.a
LOAD c:/st/stm32cubeide_1.3.0/stm32cubeide/plugins/com.st.stm32cube.ide.mcu.externaltools.gnu-tools-for-stm32.9-2020-q2-update.win32_2.0.0.202105311346/tools/bin/../lib/gcc/arm-none-eabi/9.3.1/../../../../arm-none-eabi/lib/thumb/v6-m/nofp\libm.a
LOAD c:/st/stm32cubeide_1.3.0/stm32cubeide/plugins/com.st.stm32cube.ide.mcu.externaltools.gnu-tools-for-stm32.9-2020-q2-update.win32_2.0.0.202105311346/tools/bin/../lib/gcc/arm-none-eabi/9.3.1/thumb/v6-m/nofp\libgcc.a

.debug_info     0x0000000000000000    0x1bd17
 .debug_info    0x0000000000000000     0x17bc ./Core/Src/Timer.o
 .debug_info    0x00000000000017bc     0x24fd ./Core/Src/interface.o
 .debug_info    0x0000000000003cb9      0xae9 ./Core/Src/jump_bootloader.o
 .debug_info    0x00000000000047a2     0x1b69 ./Core/Src/lowlevel.o
 .debug_info    0x000000000000630b     0x30e6 ./Core/Src/main.o
 .debug_info    0x00000000000093f1     0x13ca ./Core/Src/stm32g0xx_hal_msp.o
 .debug_info    0x000000000000a7bb     0x104b ./Core/Src/stm32g0xx_it.o
 .debug_info    0x000000000000b806      0x9d8 ./Core/Src/sysmem.o
 .debug_info    0x000000000000c1de      0x51a ./Core/Src/system_stm32g0xx.o
 .debug_info    0x000000000000c6f8       0x22 ./Core/Startup/startup_stm32g030f6px.o
 .debug_info    0x000000000000c71a      0xaa1 ./Drivers/STM32G0xx_HAL_Driver/Src/stm32g0xx_hal.o
 .debug_info    0x000000000000d1bb     0x23dd ./Drivers/STM32G0xx_HAL_Driver/Src/stm32g0xx_hal_adc.o
 .debug_info    0x000000000000f598      0xbc6 ./Drivers/STM32G0xx_HAL_Driver/Src/stm32g0xx_hal_adc_ex.o
 .debug_info    0x000000000001015e      0xb87 ./Drivers/STM32G0xx_HAL_Driver/Src/stm32g0xx_hal_cortex.o
 .debug_info    0x0000000000010ce5      0xb5d ./Drivers/STM32G0xx_HAL_Driver/Src/stm32g0xx_hal_dma.o
 .debug_info    0x0000000000011842      0x783 ./Drivers/STM32G0xx_HAL_Driver/Src/stm32g0xx_hal_gpio.o
 .debug_info    0x0000000000011fc5      0x681 ./Drivers/STM32G0xx_HAL_Driver/Src/stm32g0xx_hal_pwr_ex.o
 .debug_info    0x0000000000012646      0xdcf ./Drivers/STM32G0xx_HAL_Driver/Src/stm32g0xx_hal_rcc.o
 .debug_info    0x0000000000013415      0xa07 ./Drivers/STM32G0xx_HAL_Driver/Src/stm32g0xx_hal_rcc_ex.o
 .debug_info    0x0000000000013e1c     0x3e7b ./Drivers/STM32G0xx_HAL_Driver/Src/stm32g0xx_hal_tim.o
 .debug_info    0x0000000000017c97     0x1f27 ./Drivers/STM32G0xx_HAL_Driver/Src/stm32g0xx_hal_tim_ex.o
 .debug_info    0x0000000000019bbe      0xa19 ./Drivers/STM32G0xx_HAL_Driver/Src/stm32g0xx_ll_gpio.o
 .debug_info    0x000000000001a5d7      0xc1e ./Drivers/STM32G0xx_HAL_Driver/Src/stm32g0xx_ll_rcc.o
 .debug_info    0x000000000001b1f5      0xb22 ./Drivers/STM32G0xx_HAL_Driver/Src/stm32g0xx_ll_usart.o

.debug_abbrev   0x0000000000000000     0x3d25
 .debug_abbrev  0x0000000000000000      0x366 ./Core/Src/Timer.o
 .debug_abbrev  0x0000000000000366      0x313 ./Core/Src/interface.o
 .debug_abbrev  0x0000000000000679      0x237 ./Core/Src/jump_bootloader.o
 .debug_abbrev  0x00000000000008b0      0x35f ./Core/Src/lowlevel.o
 .debug_abbrev  0x0000000000000c0f      0x452 ./Core/Src/main.o
 .debug_abbrev  0x0000000000001061      0x23b ./Core/Src/stm32g0xx_hal_msp.o
 .debug_abbrev  0x000000000000129c      0x226 ./Core/Src/stm32g0xx_it.o
 .debug_abbrev  0x00000000000014c2      0x21a ./Core/Src/sysmem.o
 .debug_abbrev  0x00000000000016dc      0x17c ./Core/Src/system_stm32g0xx.o
 .debug_abbrev  0x0000000000001858       0x12 ./Core/Startup/startup_stm32g030f6px.o
 .debug_abbrev  0x000000000000186a      0x2b0 ./Drivers/STM32G0xx_HAL_Driver/Src/stm32g0xx_hal.o
 .debug_abbrev  0x0000000000001b1a      0x32e ./Drivers/STM32G0xx_HAL_Driver/Src/stm32g0xx_hal_adc.o
 .debug_abbrev  0x0000000000001e48      0x300 ./Drivers/STM32G0xx_HAL_Driver/Src/stm32g0xx_hal_adc_ex.o
 .debug_abbrev  0x0000000000002148      0x2d8 ./Drivers/STM32G0xx_HAL_Driver/Src/stm32g0xx_hal_cortex.o
 .debug_abbrev  0x0000000000002420      0x25e ./Drivers/STM32G0xx_HAL_Driver/Src/stm32g0xx_hal_dma.o
 .debug_abbrev  0x000000000000267e      0x226 ./Drivers/STM32G0xx_HAL_Driver/Src/stm32g0xx_hal_gpio.o
 .debug_abbrev  0x00000000000028a4      0x232 ./Drivers/STM32G0xx_HAL_Driver/Src/stm32g0xx_hal_pwr_ex.o
 .debug_abbrev  0x0000000000002ad6      0x2ae ./Drivers/STM32G0xx_HAL_Driver/Src/stm32g0xx_hal_rcc.o
 .debug_abbrev  0x0000000000002d84      0x26a ./Drivers/STM32G0xx_HAL_Driver/Src/stm32g0xx_hal_rcc_ex.o
 .debug_abbrev  0x0000000000002fee      0x27d ./Drivers/STM32G0xx_HAL_Driver/Src/stm32g0xx_hal_tim.o
 .debug_abbrev  0x000000000000326b      0x293 ./Drivers/STM32G0xx_HAL_Driver/Src/stm32g0xx_hal_tim_ex.o
 .debug_abbrev  0x00000000000034fe      0x252 ./Drivers/STM32G0xx_HAL_Driver/Src/stm32g0xx_ll_gpio.o
 .debug_abbrev  0x0000000000003750      0x2ac ./Drivers/STM32G0xx_HAL_Driver/Src/stm32g0xx_ll_rcc.o
 .debug_abbrev  0x00000000000039fc      0x329 ./Drivers/STM32G0xx_HAL_Driver/Src/stm32g0xx_ll_usart.o

.debug_loc      0x0000000000000000     0xd5b0
 .debug_loc     0x0000000000000000      0x2d1 ./Core/Src/Timer.o
 .debug_loc     0x00000000000002d1      0x823 ./Core/Src/interface.o
 .debug_loc     0x0000000000000af4       0x2a ./Core/Src/jump_bootloader.o
 .debug_loc     0x0000000000000b1e      0x33e ./Core/Src/lowlevel.o
 .debug_loc     0x0000000000000e5c      0x2b6 ./Core/Src/main.o
 .debug_loc     0x0000000000001112      0x10f ./Core/Src/stm32g0xx_hal_msp.o
 .debug_loc     0x0000000000001221       0x34 ./Core/Src/stm32g0xx_it.o
 .debug_loc     0x0000000000001255       0x71 ./Core/Src/sysmem.o
 .debug_loc     0x00000000000012c6       0xa9 ./Core/Src/system_stm32g0xx.o
 .debug_loc     0x000000000000136f      0x1bd ./Drivers/STM32G0xx_HAL_Driver/Src/stm32g0xx_hal.o
 .debug_loc     0x000000000000152c     0x17f1 ./Drivers/STM32G0xx_HAL_Driver/Src/stm32g0xx_hal_adc.o
 .debug_loc     0x0000000000002d1d      0x2ae ./Drivers/STM32G0xx_HAL_Driver/Src/stm32g0xx_hal_adc_ex.o
 .debug_loc     0x0000000000002fcb      0x458 ./Drivers/STM32G0xx_HAL_Driver/Src/stm32g0xx_hal_cortex.o
 .debug_loc     0x0000000000003423      0x93e ./Drivers/STM32G0xx_HAL_Driver/Src/stm32g0xx_hal_dma.o
 .debug_loc     0x0000000000003d61      0x38c ./Drivers/STM32G0xx_HAL_Driver/Src/stm32g0xx_hal_gpio.o
 .debug_loc     0x00000000000040ed      0x2e0 ./Drivers/STM32G0xx_HAL_Driver/Src/stm32g0xx_hal_pwr_ex.o
 .debug_loc     0x00000000000043cd      0x702 ./Drivers/STM32G0xx_HAL_Driver/Src/stm32g0xx_hal_rcc.o
 .debug_loc     0x0000000000004acf      0x73b ./Drivers/STM32G0xx_HAL_Driver/Src/stm32g0xx_hal_rcc_ex.o
 .debug_loc     0x000000000000520a     0x50c4 ./Drivers/STM32G0xx_HAL_Driver/Src/stm32g0xx_hal_tim.o
 .debug_loc     0x000000000000a2ce     0x2547 ./Drivers/STM32G0xx_HAL_Driver/Src/stm32g0xx_hal_tim_ex.o
 .debug_loc     0x000000000000c815      0x3aa ./Drivers/STM32G0xx_HAL_Driver/Src/stm32g0xx_ll_gpio.o
 .debug_loc     0x000000000000cbbf      0x4bf ./Drivers/STM32G0xx_HAL_Driver/Src/stm32g0xx_ll_rcc.o
 .debug_loc     0x000000000000d07e      0x532 ./Drivers/STM32G0xx_HAL_Driver/Src/stm32g0xx_ll_usart.o

.debug_aranges  0x0000000000000000      0xe48
 .debug_aranges
                0x0000000000000000       0x58 ./Core/Src/Timer.o
 .debug_aranges
                0x0000000000000058       0x58 ./Core/Src/interface.o
 .debug_aranges
                0x00000000000000b0       0x20 ./Core/Src/jump_bootloader.o
 .debug_aranges
                0x00000000000000d0       0x40 ./Core/Src/lowlevel.o
 .debug_aranges
                0x0000000000000110       0x88 ./Core/Src/main.o
 .debug_aranges
                0x0000000000000198       0x40 ./Core/Src/stm32g0xx_hal_msp.o
 .debug_aranges
                0x00000000000001d8       0x60 ./Core/Src/stm32g0xx_it.o
 .debug_aranges
                0x0000000000000238       0x20 ./Core/Src/sysmem.o
 .debug_aranges
                0x0000000000000258       0x28 ./Core/Src/system_stm32g0xx.o
 .debug_aranges
                0x0000000000000280       0x28 ./Core/Startup/startup_stm32g030f6px.o
 .debug_aranges
                0x00000000000002a8      0x100 ./Drivers/STM32G0xx_HAL_Driver/Src/stm32g0xx_hal.o
 .debug_aranges
                0x00000000000003a8       0xf8 ./Drivers/STM32G0xx_HAL_Driver/Src/stm32g0xx_hal_adc.o
 .debug_aranges
                0x00000000000004a0       0x58 ./Drivers/STM32G0xx_HAL_Driver/Src/stm32g0xx_hal_adc_ex.o
 .debug_aranges
                0x00000000000004f8       0x90 ./Drivers/STM32G0xx_HAL_Driver/Src/stm32g0xx_hal_cortex.o
 .debug_aranges
                0x0000000000000588       0x90 ./Drivers/STM32G0xx_HAL_Driver/Src/stm32g0xx_hal_dma.o
 .debug_aranges
                0x0000000000000618       0x60 ./Drivers/STM32G0xx_HAL_Driver/Src/stm32g0xx_hal_gpio.o
 .debug_aranges
                0x0000000000000678       0x98 ./Drivers/STM32G0xx_HAL_Driver/Src/stm32g0xx_hal_pwr_ex.o
 .debug_aranges
                0x0000000000000710       0x90 ./Drivers/STM32G0xx_HAL_Driver/Src/stm32g0xx_hal_rcc.o
 .debug_aranges
                0x00000000000007a0       0x40 ./Drivers/STM32G0xx_HAL_Driver/Src/stm32g0xx_hal_rcc_ex.o
 .debug_aranges
                0x00000000000007e0      0x3e0 ./Drivers/STM32G0xx_HAL_Driver/Src/stm32g0xx_hal_tim.o
 .debug_aranges
                0x0000000000000bc0      0x198 ./Drivers/STM32G0xx_HAL_Driver/Src/stm32g0xx_hal_tim_ex.o
 .debug_aranges
                0x0000000000000d58       0x30 ./Drivers/STM32G0xx_HAL_Driver/Src/stm32g0xx_ll_gpio.o
 .debug_aranges
                0x0000000000000d88       0x80 ./Drivers/STM32G0xx_HAL_Driver/Src/stm32g0xx_ll_rcc.o
 .debug_aranges
                0x0000000000000e08       0x40 ./Drivers/STM32G0xx_HAL_Driver/Src/stm32g0xx_ll_usart.o

.debug_ranges   0x0000000000000000      0xea0
 .debug_ranges  0x0000000000000000       0x48 ./Core/Src/Timer.o
 .debug_ranges  0x0000000000000048       0x48 ./Core/Src/interface.o
 .debug_ranges  0x0000000000000090       0x10 ./Core/Src/jump_bootloader.o
 .debug_ranges  0x00000000000000a0       0x30 ./Core/Src/lowlevel.o
 .debug_ranges  0x00000000000000d0       0x78 ./Core/Src/main.o
 .debug_ranges  0x0000000000000148       0x30 ./Core/Src/stm32g0xx_hal_msp.o
 .debug_ranges  0x0000000000000178       0x50 ./Core/Src/stm32g0xx_it.o
 .debug_ranges  0x00000000000001c8       0x10 ./Core/Src/sysmem.o
 .debug_ranges  0x00000000000001d8       0x18 ./Core/Src/system_stm32g0xx.o
 .debug_ranges  0x00000000000001f0       0x20 ./Core/Startup/startup_stm32g030f6px.o
 .debug_ranges  0x0000000000000210       0xf0 ./Drivers/STM32G0xx_HAL_Driver/Src/stm32g0xx_hal.o
 .debug_ranges  0x0000000000000300      0x160 ./Drivers/STM32G0xx_HAL_Driver/Src/stm32g0xx_hal_adc.o
 .debug_ranges  0x0000000000000460       0x48 ./Drivers/STM32G0xx_HAL_Driver/Src/stm32g0xx_hal_adc_ex.o
 .debug_ranges  0x00000000000004a8       0xe0 ./Drivers/STM32G0xx_HAL_Driver/Src/stm32g0xx_hal_cortex.o
 .debug_ranges  0x0000000000000588       0x80 ./Drivers/STM32G0xx_HAL_Driver/Src/stm32g0xx_hal_dma.o
 .debug_ranges  0x0000000000000608       0x50 ./Drivers/STM32G0xx_HAL_Driver/Src/stm32g0xx_hal_gpio.o
 .debug_ranges  0x0000000000000658       0x88 ./Drivers/STM32G0xx_HAL_Driver/Src/stm32g0xx_hal_pwr_ex.o
 .debug_ranges  0x00000000000006e0       0xa0 ./Drivers/STM32G0xx_HAL_Driver/Src/stm32g0xx_hal_rcc.o
 .debug_ranges  0x0000000000000780       0x48 ./Drivers/STM32G0xx_HAL_Driver/Src/stm32g0xx_hal_rcc_ex.o
 .debug_ranges  0x00000000000007c8      0x3d0 ./Drivers/STM32G0xx_HAL_Driver/Src/stm32g0xx_hal_tim.o
 .debug_ranges  0x0000000000000b98      0x188 ./Drivers/STM32G0xx_HAL_Driver/Src/stm32g0xx_hal_tim_ex.o
 .debug_ranges  0x0000000000000d20       0x80 ./Drivers/STM32G0xx_HAL_Driver/Src/stm32g0xx_ll_gpio.o
 .debug_ranges  0x0000000000000da0       0x70 ./Drivers/STM32G0xx_HAL_Driver/Src/stm32g0xx_ll_rcc.o
 .debug_ranges  0x0000000000000e10       0x90 ./Drivers/STM32G0xx_HAL_Driver/Src/stm32g0xx_ll_usart.o

.debug_macro    0x0000000000000000    0x19872
 .debug_macro   0x0000000000000000      0x388 ./Core/Src/Timer.o
 .debug_macro   0x0000000000000388      0xa84 ./Core/Src/Timer.o
 .debug_macro   0x0000000000000e0c      0x11d ./Core/Src/Timer.o
 .debug_macro   0x0000000000000f29       0x2e ./Core/Src/Timer.o
 .debug_macro   0x0000000000000f57       0x28 ./Core/Src/Timer.o
 .debug_macro   0x0000000000000f7f       0x22 ./Core/Src/Timer.o
 .debug_macro   0x0000000000000fa1       0x8e ./Core/Src/Timer.o
 .debug_macro   0x000000000000102f       0x51 ./Core/Src/Timer.o
 .debug_macro   0x0000000000001080      0x103 ./Core/Src/Timer.o
 .debug_macro   0x0000000000001183       0x6a ./Core/Src/Timer.o
 .debug_macro   0x00000000000011ed      0x1df ./Core/Src/Timer.o
 .debug_macro   0x00000000000013cc       0x1c ./Core/Src/Timer.o
 .debug_macro   0x00000000000013e8       0x22 ./Core/Src/Timer.o
 .debug_macro   0x000000000000140a       0xd7 ./Core/Src/Timer.o
 .debug_macro   0x00000000000014e1      0x4da ./Core/Src/Timer.o
 .debug_macro   0x00000000000019bb      0x11f ./Core/Src/Timer.o
 .debug_macro   0x0000000000001ada     0x9e87 ./Core/Src/Timer.o
 .debug_macro   0x000000000000b961       0x3c ./Core/Src/Timer.o
 .debug_macro   0x000000000000b99d     0x34b5 ./Core/Src/Timer.o
 .debug_macro   0x000000000000ee52      0x174 ./Core/Src/Timer.o
 .debug_macro   0x000000000000efc6       0x5c ./Core/Src/Timer.o
 .debug_macro   0x000000000000f022      0x493 ./Core/Src/Timer.o
 .debug_macro   0x000000000000f4b5      0xd95 ./Core/Src/Timer.o
 .debug_macro   0x000000000001024a      0x106 ./Core/Src/Timer.o
 .debug_macro   0x0000000000010350      0x153 ./Core/Src/Timer.o
 .debug_macro   0x00000000000104a3       0xff ./Core/Src/Timer.o
 .debug_macro   0x00000000000105a2      0x33c ./Core/Src/Timer.o
 .debug_macro   0x00000000000108de      0x209 ./Core/Src/Timer.o
 .debug_macro   0x0000000000010ae7      0x2c7 ./Core/Src/Timer.o
 .debug_macro   0x0000000000010dae      0x198 ./Core/Src/Timer.o
 .debug_macro   0x0000000000010f46       0x43 ./Core/Src/Timer.o
 .debug_macro   0x0000000000010f89      0x1f1 ./Core/Src/Timer.o
 .debug_macro   0x000000000001117a      0x89b ./Core/Src/Timer.o
 .debug_macro   0x0000000000011a15      0x5ad ./Core/Src/Timer.o
 .debug_macro   0x0000000000011fc2       0x2e ./Core/Src/Timer.o
 .debug_macro   0x0000000000011ff0      0x1d7 ./Core/Src/Timer.o
 .debug_macro   0x00000000000121c7      0x2a3 ./Core/Src/Timer.o
 .debug_macro   0x000000000001246a       0x28 ./Core/Src/Timer.o
 .debug_macro   0x0000000000012492       0xcf ./Core/Src/Timer.o
 .debug_macro   0x0000000000012561       0xff ./Core/Src/Timer.o
 .debug_macro   0x0000000000012660      0x10d ./Core/Src/Timer.o
 .debug_macro   0x000000000001276d      0xa9f ./Core/Src/Timer.o
 .debug_macro   0x000000000001320c       0xfa ./Core/Src/Timer.o
 .debug_macro   0x0000000000013306      0x412 ./Core/Src/Timer.o
 .debug_macro   0x0000000000013718      0x40f ./Core/Src/Timer.o
 .debug_macro   0x0000000000013b27       0xd3 ./Core/Src/Timer.o
 .debug_macro   0x0000000000013bfa      0x175 ./Core/Src/Timer.o
 .debug_macro   0x0000000000013d6f      0x12c ./Core/Src/Timer.o
 .debug_macro   0x0000000000013e9b       0x5a ./Core/Src/Timer.o
 .debug_macro   0x0000000000013ef5      0x159 ./Core/Src/Timer.o
 .debug_macro   0x000000000001404e      0x132 ./Core/Src/Timer.o
 .debug_macro   0x0000000000014180      0x177 ./Core/Src/Timer.o
 .debug_macro   0x00000000000142f7       0xe8 ./Core/Src/Timer.o
 .debug_macro   0x00000000000143df       0xa0 ./Core/Src/Timer.o
 .debug_macro   0x000000000001447f       0x18 ./Core/Src/Timer.o
 .debug_macro   0x0000000000014497       0x52 ./Core/Src/Timer.o
 .debug_macro   0x00000000000144e9       0x3c ./Core/Src/Timer.o
 .debug_macro   0x0000000000014525       0x34 ./Core/Src/Timer.o
 .debug_macro   0x0000000000014559       0x16 ./Core/Src/Timer.o
 .debug_macro   0x000000000001456f       0x35 ./Core/Src/Timer.o
 .debug_macro   0x00000000000145a4       0x16 ./Core/Src/Timer.o
 .debug_macro   0x00000000000145ba       0x43 ./Core/Src/Timer.o
 .debug_macro   0x00000000000145fd       0x34 ./Core/Src/Timer.o
 .debug_macro   0x0000000000014631       0x10 ./Core/Src/Timer.o
 .debug_macro   0x0000000000014641       0x58 ./Core/Src/Timer.o
 .debug_macro   0x0000000000014699       0x71 ./Core/Src/Timer.o
 .debug_macro   0x000000000001470a       0x1c ./Core/Src/Timer.o
 .debug_macro   0x0000000000014726      0x12a ./Core/Src/Timer.o
 .debug_macro   0x0000000000014850      0x333 ./Core/Src/Timer.o
 .debug_macro   0x0000000000014b83       0x16 ./Core/Src/Timer.o
 .debug_macro   0x0000000000014b99       0x29 ./Core/Src/Timer.o
 .debug_macro   0x0000000000014bc2       0x16 ./Core/Src/Timer.o
 .debug_macro   0x0000000000014bd8       0x20 ./Core/Src/Timer.o
 .debug_macro   0x0000000000014bf8       0x2e ./Core/Src/Timer.o
 .debug_macro   0x0000000000014c26      0x49b ./Core/Src/interface.o
 .debug_macro   0x00000000000150c1       0x16 ./Core/Src/interface.o
 .debug_macro   0x00000000000150d7       0x10 ./Core/Src/interface.o
 .debug_macro   0x00000000000150e7       0x10 ./Core/Src/interface.o
 .debug_macro   0x00000000000150f7       0x1c ./Core/Src/interface.o
 .debug_macro   0x0000000000015113       0x52 ./Core/Src/interface.o
 .debug_macro   0x0000000000015165       0x22 ./Core/Src/interface.o
 .debug_macro   0x0000000000015187       0x10 ./Core/Src/interface.o
 .debug_macro   0x0000000000015197       0x40 ./Core/Src/interface.o
 .debug_macro   0x00000000000151d7       0xd5 ./Core/Src/interface.o
 .debug_macro   0x00000000000152ac       0x1c ./Core/Src/interface.o
 .debug_macro   0x00000000000152c8       0x3d ./Core/Src/interface.o
 .debug_macro   0x0000000000015305       0x16 ./Core/Src/interface.o
 .debug_macro   0x000000000001531b      0x145 ./Core/Src/interface.o
 .debug_macro   0x0000000000015460      0x273 ./Core/Src/jump_bootloader.o
 .debug_macro   0x00000000000156d3      0x408 ./Core/Src/lowlevel.o
 .debug_macro   0x0000000000015adb       0x4c ./Core/Src/lowlevel.o
 .debug_macro   0x0000000000015b27       0x94 ./Core/Src/lowlevel.o
 .debug_macro   0x0000000000015bbb       0x57 ./Core/Src/lowlevel.o
 .debug_macro   0x0000000000015c12       0x97 ./Core/Src/lowlevel.o
 .debug_macro   0x0000000000015ca9      0x339 ./Core/Src/lowlevel.o
 .debug_macro   0x0000000000015fe2       0xfd ./Core/Src/lowlevel.o
 .debug_macro   0x00000000000160df       0xd1 ./Core/Src/lowlevel.o
 .debug_macro   0x00000000000161b0       0x56 ./Core/Src/lowlevel.o
 .debug_macro   0x0000000000016206      0x489 ./Core/Src/main.o
 .debug_macro   0x000000000001668f       0x2e ./Core/Src/main.o
 .debug_macro   0x00000000000166bd      0x273 ./Core/Src/stm32g0xx_hal_msp.o
 .debug_macro   0x0000000000016930      0x27d ./Core/Src/stm32g0xx_it.o
 .debug_macro   0x0000000000016bad      0x1b1 ./Core/Src/sysmem.o
 .debug_macro   0x0000000000016d5e      0x23b ./Core/Src/sysmem.o
 .debug_macro   0x0000000000016f99      0x1f9 ./Core/Src/system_stm32g0xx.o
 .debug_macro   0x0000000000017192      0x211 ./Drivers/STM32G0xx_HAL_Driver/Src/stm32g0xx_hal.o
 .debug_macro   0x00000000000173a3      0x217 ./Drivers/STM32G0xx_HAL_Driver/Src/stm32g0xx_hal_adc.o
 .debug_macro   0x00000000000175ba      0x1f9 ./Drivers/STM32G0xx_HAL_Driver/Src/stm32g0xx_hal_adc_ex.o
 .debug_macro   0x00000000000177b3      0x1f3 ./Drivers/STM32G0xx_HAL_Driver/Src/stm32g0xx_hal_cortex.o
 .debug_macro   0x00000000000179a6      0x1f3 ./Drivers/STM32G0xx_HAL_Driver/Src/stm32g0xx_hal_dma.o
 .debug_macro   0x0000000000017b99      0x22b ./Drivers/STM32G0xx_HAL_Driver/Src/stm32g0xx_hal_gpio.o
 .debug_macro   0x0000000000017dc4      0x205 ./Drivers/STM32G0xx_HAL_Driver/Src/stm32g0xx_hal_pwr_ex.o
 .debug_macro   0x0000000000017fc9      0x22f ./Drivers/STM32G0xx_HAL_Driver/Src/stm32g0xx_hal_rcc.o
 .debug_macro   0x00000000000181f8      0x20b ./Drivers/STM32G0xx_HAL_Driver/Src/stm32g0xx_hal_rcc_ex.o
 .debug_macro   0x0000000000018403      0x1fb ./Drivers/STM32G0xx_HAL_Driver/Src/stm32g0xx_hal_tim.o
 .debug_macro   0x00000000000185fe      0x1f9 ./Drivers/STM32G0xx_HAL_Driver/Src/stm32g0xx_hal_tim_ex.o
 .debug_macro   0x00000000000187f7      0x235 ./Drivers/STM32G0xx_HAL_Driver/Src/stm32g0xx_ll_gpio.o
 .debug_macro   0x0000000000018a2c      0x12c ./Drivers/STM32G0xx_HAL_Driver/Src/stm32g0xx_ll_gpio.o
 .debug_macro   0x0000000000018b58      0x21b ./Drivers/STM32G0xx_HAL_Driver/Src/stm32g0xx_ll_rcc.o
 .debug_macro   0x0000000000018d73      0x48d ./Drivers/STM32G0xx_HAL_Driver/Src/stm32g0xx_ll_rcc.o
 .debug_macro   0x0000000000019200      0x269 ./Drivers/STM32G0xx_HAL_Driver/Src/stm32g0xx_ll_usart.o
 .debug_macro   0x0000000000019469      0x409 ./Drivers/STM32G0xx_HAL_Driver/Src/stm32g0xx_ll_usart.o

.debug_line     0x0000000000000000    0x182e6
 .debug_line    0x0000000000000000      0xc80 ./Core/Src/Timer.o
 .debug_line    0x0000000000000c80     0x11cc ./Core/Src/interface.o
 .debug_line    0x0000000000001e4c      0x852 ./Core/Src/jump_bootloader.o
 .debug_line    0x000000000000269e      0xd99 ./Core/Src/lowlevel.o
 .debug_line    0x0000000000003437     0x1315 ./Core/Src/main.o
 .debug_line    0x000000000000474c      0x95e ./Core/Src/stm32g0xx_hal_msp.o
 .debug_line    0x00000000000050aa      0x8f5 ./Core/Src/stm32g0xx_it.o
 .debug_line    0x000000000000599f      0x5b0 ./Core/Src/sysmem.o
 .debug_line    0x0000000000005f4f      0x7ff ./Core/Src/system_stm32g0xx.o
 .debug_line    0x000000000000674e       0x89 ./Core/Startup/startup_stm32g030f6px.o
 .debug_line    0x00000000000067d7      0xae1 ./Drivers/STM32G0xx_HAL_Driver/Src/stm32g0xx_hal.o
 .debug_line    0x00000000000072b8     0x1d67 ./Drivers/STM32G0xx_HAL_Driver/Src/stm32g0xx_hal_adc.o
 .debug_line    0x000000000000901f      0x9a9 ./Drivers/STM32G0xx_HAL_Driver/Src/stm32g0xx_hal_adc_ex.o
 .debug_line    0x00000000000099c8      0xbaf ./Drivers/STM32G0xx_HAL_Driver/Src/stm32g0xx_hal_cortex.o
 .debug_line    0x000000000000a577     0x1058 ./Drivers/STM32G0xx_HAL_Driver/Src/stm32g0xx_hal_dma.o
 .debug_line    0x000000000000b5cf      0xbf6 ./Drivers/STM32G0xx_HAL_Driver/Src/stm32g0xx_hal_gpio.o
 .debug_line    0x000000000000c1c5      0xab5 ./Drivers/STM32G0xx_HAL_Driver/Src/stm32g0xx_hal_pwr_ex.o
 .debug_line    0x000000000000cc7a     0x122f ./Drivers/STM32G0xx_HAL_Driver/Src/stm32g0xx_hal_rcc.o
 .debug_line    0x000000000000dea9      0xc4b ./Drivers/STM32G0xx_HAL_Driver/Src/stm32g0xx_hal_rcc_ex.o
 .debug_line    0x000000000000eaf4     0x5237 ./Drivers/STM32G0xx_HAL_Driver/Src/stm32g0xx_hal_tim.o
 .debug_line    0x0000000000013d2b     0x243b ./Drivers/STM32G0xx_HAL_Driver/Src/stm32g0xx_hal_tim_ex.o
 .debug_line    0x0000000000016166      0x9f1 ./Drivers/STM32G0xx_HAL_Driver/Src/stm32g0xx_ll_gpio.o
 .debug_line    0x0000000000016b57      0xd50 ./Drivers/STM32G0xx_HAL_Driver/Src/stm32g0xx_ll_rcc.o
 .debug_line    0x00000000000178a7      0xa3f ./Drivers/STM32G0xx_HAL_Driver/Src/stm32g0xx_ll_usart.o

.debug_str      0x0000000000000000    0x94668
 .debug_str     0x0000000000000000    0x8d94b ./Core/Src/Timer.o
                                      0x8e163 (size before relaxing)
 .debug_str     0x000000000008d94b     0x12c0 ./Core/Src/interface.o
                                      0x8f33c (size before relaxing)
 .debug_str     0x000000000008ec0b       0x72 ./Core/Src/jump_bootloader.o
                                      0x8aca8 (size before relaxing)
 .debug_str     0x000000000008ec7d      0x3b1 ./Core/Src/lowlevel.o
                                      0x8f19d (size before relaxing)
 .debug_str     0x000000000008f02e      0xb83 ./Core/Src/main.o
                                      0x8ff7d (size before relaxing)
 .debug_str     0x000000000008fbb1       0xc9 ./Core/Src/stm32g0xx_hal_msp.o
                                      0x8b31c (size before relaxing)
 .debug_str     0x000000000008fc7a      0x106 ./Core/Src/stm32g0xx_it.o
                                      0x8b0e7 (size before relaxing)
 .debug_str     0x000000000008fd80      0x4c6 ./Core/Src/sysmem.o
                                       0x7ad1 (size before relaxing)
 .debug_str     0x0000000000090246       0x77 ./Core/Src/system_stm32g0xx.o
                                      0x85618 (size before relaxing)
 .debug_str     0x00000000000902bd       0x36 ./Core/Startup/startup_stm32g030f6px.o
                                         0x66 (size before relaxing)
 .debug_str     0x00000000000902f3      0x3d7 ./Drivers/STM32G0xx_HAL_Driver/Src/stm32g0xx_hal.o
                                      0x85bf7 (size before relaxing)
 .debug_str     0x00000000000906ca      0x84a ./Drivers/STM32G0xx_HAL_Driver/Src/stm32g0xx_hal_adc.o
                                      0x8633c (size before relaxing)
 .debug_str     0x0000000000090f14      0x133 ./Drivers/STM32G0xx_HAL_Driver/Src/stm32g0xx_hal_adc_ex.o
                                      0x85c27 (size before relaxing)
 .debug_str     0x0000000000091047      0x1f1 ./Drivers/STM32G0xx_HAL_Driver/Src/stm32g0xx_hal_cortex.o
                                      0x85a21 (size before relaxing)
 .debug_str     0x0000000000091238      0x26c ./Drivers/STM32G0xx_HAL_Driver/Src/stm32g0xx_hal_dma.o
                                      0x85a6d (size before relaxing)
 .debug_str     0x00000000000914a4      0x1e2 ./Drivers/STM32G0xx_HAL_Driver/Src/stm32g0xx_hal_gpio.o
                                      0x857fa (size before relaxing)
 .debug_str     0x0000000000091686      0x211 ./Drivers/STM32G0xx_HAL_Driver/Src/stm32g0xx_hal_pwr_ex.o
                                      0x8584e (size before relaxing)
 .debug_str     0x0000000000091897      0x32b ./Drivers/STM32G0xx_HAL_Driver/Src/stm32g0xx_hal_rcc.o
                                      0x85ba7 (size before relaxing)
 .debug_str     0x0000000000091bc2      0x17b ./Drivers/STM32G0xx_HAL_Driver/Src/stm32g0xx_hal_rcc_ex.o
                                      0x85946 (size before relaxing)
 .debug_str     0x0000000000091d3d      0xdce ./Drivers/STM32G0xx_HAL_Driver/Src/stm32g0xx_hal_tim.o
                                      0x86ac8 (size before relaxing)
 .debug_str     0x0000000000092b0b      0x636 ./Drivers/STM32G0xx_HAL_Driver/Src/stm32g0xx_hal_tim_ex.o
                                      0x8647b (size before relaxing)
 .debug_str     0x0000000000093141      0x546 ./Drivers/STM32G0xx_HAL_Driver/Src/stm32g0xx_ll_gpio.o
                                      0x867ba (size before relaxing)
 .debug_str     0x0000000000093687      0x50b ./Drivers/STM32G0xx_HAL_Driver/Src/stm32g0xx_ll_rcc.o
                                      0x85ae6 (size before relaxing)
 .debug_str     0x0000000000093b92      0xad6 ./Drivers/STM32G0xx_HAL_Driver/Src/stm32g0xx_ll_usart.o
                                      0x8809f (size before relaxing)

.comment        0x0000000000000000       0x53
 .comment       0x0000000000000000       0x53 ./Core/Src/Timer.o
                                         0x54 (size before relaxing)
 .comment       0x0000000000000053       0x54 ./Core/Src/interface.o
 .comment       0x0000000000000053       0x54 ./Core/Src/jump_bootloader.o